<?xml version="1.0" encoding="UTF-8"?>
<TestRun id="f9ad2731-3223-4500-93aa-ce031165064a" name="zhucai@ZHUCAI-PC 2009-06-09 23:54:46" runUser="zhucai-PC\zhucai" xmlns="http://microsoft.com/schemas/VisualStudio/TeamTest/2006">
  <TestRunConfiguration name="Default Run Configuration" id="ca0c3267-8285-45dd-bb5a-07ba21ad573d">
    <Deployment runDeploymentRoot="E:\svn\lambdaparser\LambdaParser\TestResults\zhucai_ZHUCAI-PC 2009-06-09 23_54_46">
      <DeploymentItem filename="E:\svn\lambdaparser\LambdaParser\Zhucai.LambdaParser\bin\Debug\Zhucai.LambdaParser.dll" />
    </Deployment>
    <Hosts skipUnhostableTests="false" />
    <TestTypeSpecific />
  </TestRunConfiguration>
  <ResultSummary outcome="Completed">
    <Counters total="30" executed="30" passed="30" error="0" failed="0" timeout="0" aborted="0" inconclusive="0" passedButRunAborted="0" notRunnable="0" notExecuted="0" disconnected="0" warning="0" completed="0" inProgress="0" pending="0" />
  </ResultSummary>
  <Times creation="2009-06-09T23:54:46.5341796+08:00" queuing="2009-06-09T23:54:48.1787109+08:00" start="2009-06-09T23:54:48.7304687+08:00" finish="2009-06-09T23:54:50.3300781+08:00" />
  <TestDefinitions>
    <UnitTest name="ParseDelegateTest_OperatorAndAlso" storage="e:\svn\lambdaparser\lambdaparser\test_zhucai.lambdaparser\bin\debug\test_zhucai.lambdaparser.dll" id="a4521ecc-80f1-7e9f-fc94-9ecea46d77a7">
      <Css projectStructure="" iteration="" />
      <Owners>
        <Owner name="" />
      </Owners>
      <Execution id="f3eb609e-ae2d-46be-acef-48924638f15d" />
      <TestMethod codeBase="E:\svn\lambdaparser\LambdaParser\Test_Zhucai.LambdaParser\bin\Debug\Test_Zhucai.LambdaParser.dll" adapterTypeName="Microsoft.VisualStudio.TestTools.TestTypes.Unit.UnitTestAdapter, Microsoft.VisualStudio.QualityTools.Tips.UnitTest.Adapter, Version=9.0.0.0, Culture=neutral, PublicKeyToken=b03f5f7f11d50a3a" className="Test_Zhucai.LambdaParser.ExpressionParserManagerTest, Test_Zhucai.LambdaParser" name="ParseDelegateTest_OperatorAndAlso" />
    </UnitTest>
    <UnitTest name="ParseDelegateTest_Other" storage="e:\svn\lambdaparser\lambdaparser\test_zhucai.lambdaparser\bin\debug\test_zhucai.lambdaparser.dll" id="e40092ec-1666-5813-1465-57ded5ae5d9f">
      <Css projectStructure="" iteration="" />
      <Owners>
        <Owner name="" />
      </Owners>
      <Execution id="ea882a73-bd31-46db-8b29-89d40cc1679a" />
      <TestMethod codeBase="E:\svn\lambdaparser\LambdaParser\Test_Zhucai.LambdaParser\bin\Debug\Test_Zhucai.LambdaParser.dll" adapterTypeName="Microsoft.VisualStudio.TestTools.TestTypes.Unit.UnitTestAdapter, Microsoft.VisualStudio.QualityTools.Tips.UnitTest.Adapter, Version=9.0.0.0, Culture=neutral, PublicKeyToken=b03f5f7f11d50a3a" className="Test_Zhucai.LambdaParser.ExpressionParserManagerTest, Test_Zhucai.LambdaParser" name="ParseDelegateTest_Other" />
    </UnitTest>
    <UnitTest name="ParseDelegateTest_OperatorAnd" storage="e:\svn\lambdaparser\lambdaparser\test_zhucai.lambdaparser\bin\debug\test_zhucai.lambdaparser.dll" id="35601cf4-55e9-2a46-2798-7e5080b71c58">
      <Css projectStructure="" iteration="" />
      <Owners>
        <Owner name="" />
      </Owners>
      <Execution id="8fd21fae-8298-4de5-9a33-92c0c569dce9" />
      <TestMethod codeBase="E:\svn\lambdaparser\LambdaParser\Test_Zhucai.LambdaParser\bin\Debug\Test_Zhucai.LambdaParser.dll" adapterTypeName="Microsoft.VisualStudio.TestTools.TestTypes.Unit.UnitTestAdapter, Microsoft.VisualStudio.QualityTools.Tips.UnitTest.Adapter, Version=9.0.0.0, Culture=neutral, PublicKeyToken=b03f5f7f11d50a3a" className="Test_Zhucai.LambdaParser.ExpressionParserManagerTest, Test_Zhucai.LambdaParser" name="ParseDelegateTest_OperatorAnd" />
    </UnitTest>
    <UnitTest name="ParseDelegateTest_StringAdd" storage="e:\svn\lambdaparser\lambdaparser\test_zhucai.lambdaparser\bin\debug\test_zhucai.lambdaparser.dll" id="1983b5cb-f456-910d-196f-ae3c375de9fa">
      <Css projectStructure="" iteration="" />
      <Owners>
        <Owner name="" />
      </Owners>
      <Execution id="ce01ac9b-7590-4403-8f4f-7aa6a85eb23a" />
      <TestMethod codeBase="E:\svn\lambdaparser\LambdaParser\Test_Zhucai.LambdaParser\bin\Debug\Test_Zhucai.LambdaParser.dll" adapterTypeName="Microsoft.VisualStudio.TestTools.TestTypes.Unit.UnitTestAdapter, Microsoft.VisualStudio.QualityTools.Tips.UnitTest.Adapter, Version=9.0.0.0, Culture=neutral, PublicKeyToken=b03f5f7f11d50a3a" className="Test_Zhucai.LambdaParser.ExpressionParserManagerTest, Test_Zhucai.LambdaParser" name="ParseDelegateTest_StringAdd" />
    </UnitTest>
    <UnitTest name="ParseDelegateTest_Array" storage="e:\svn\lambdaparser\lambdaparser\test_zhucai.lambdaparser\bin\debug\test_zhucai.lambdaparser.dll" id="8385f542-961c-d8b5-47f8-ecd5bfcb50dd">
      <Css projectStructure="" iteration="" />
      <Owners>
        <Owner name="" />
      </Owners>
      <Execution id="e57878ce-a341-4929-845d-f9ede74800c5" />
      <TestMethod codeBase="E:\svn\lambdaparser\LambdaParser\Test_Zhucai.LambdaParser\bin\Debug\Test_Zhucai.LambdaParser.dll" adapterTypeName="Microsoft.VisualStudio.TestTools.TestTypes.Unit.UnitTestAdapter, Microsoft.VisualStudio.QualityTools.Tips.UnitTest.Adapter, Version=9.0.0.0, Culture=neutral, PublicKeyToken=b03f5f7f11d50a3a" className="Test_Zhucai.LambdaParser.ExpressionParserManagerTest, Test_Zhucai.LambdaParser" name="ParseDelegateTest_Array" />
    </UnitTest>
    <UnitTest name="ParseDelegateTest_OperatorCondition" storage="e:\svn\lambdaparser\lambdaparser\test_zhucai.lambdaparser\bin\debug\test_zhucai.lambdaparser.dll" id="96d5f01a-6513-53d7-bf45-b619016524a9">
      <Css projectStructure="" iteration="" />
      <Owners>
        <Owner name="" />
      </Owners>
      <Execution id="0e1aee07-e207-4c3a-abfd-11d3ed013ce8" />
      <TestMethod codeBase="E:\svn\lambdaparser\LambdaParser\Test_Zhucai.LambdaParser\bin\Debug\Test_Zhucai.LambdaParser.dll" adapterTypeName="Microsoft.VisualStudio.TestTools.TestTypes.Unit.UnitTestAdapter, Microsoft.VisualStudio.QualityTools.Tips.UnitTest.Adapter, Version=9.0.0.0, Culture=neutral, PublicKeyToken=b03f5f7f11d50a3a" className="Test_Zhucai.LambdaParser.ExpressionParserManagerTest, Test_Zhucai.LambdaParser" name="ParseDelegateTest_OperatorCondition" />
    </UnitTest>
    <UnitTest name="ParseDelegateTest_OperatorBitShift" storage="e:\svn\lambdaparser\lambdaparser\test_zhucai.lambdaparser\bin\debug\test_zhucai.lambdaparser.dll" id="aea69126-3692-e43c-7a1e-75e2a7d9d34d">
      <Css projectStructure="" iteration="" />
      <Owners>
        <Owner name="" />
      </Owners>
      <Execution id="9c0127c1-8d2f-4eb2-bbb9-b1e99b2396e5" />
      <TestMethod codeBase="E:\svn\lambdaparser\LambdaParser\Test_Zhucai.LambdaParser\bin\Debug\Test_Zhucai.LambdaParser.dll" adapterTypeName="Microsoft.VisualStudio.TestTools.TestTypes.Unit.UnitTestAdapter, Microsoft.VisualStudio.QualityTools.Tips.UnitTest.Adapter, Version=9.0.0.0, Culture=neutral, PublicKeyToken=b03f5f7f11d50a3a" className="Test_Zhucai.LambdaParser.ExpressionParserManagerTest, Test_Zhucai.LambdaParser" name="ParseDelegateTest_OperatorBitShift" />
    </UnitTest>
    <UnitTest name="ParseDelegateTest_OperatorExclusiveOr" storage="e:\svn\lambdaparser\lambdaparser\test_zhucai.lambdaparser\bin\debug\test_zhucai.lambdaparser.dll" id="b4bbdcb0-6a72-e740-ffa3-91840ccdac33">
      <Css projectStructure="" iteration="" />
      <Owners>
        <Owner name="" />
      </Owners>
      <Execution id="6039ac9a-c119-4906-bc51-69c6dc8b1d97" />
      <TestMethod codeBase="E:\svn\lambdaparser\LambdaParser\Test_Zhucai.LambdaParser\bin\Debug\Test_Zhucai.LambdaParser.dll" adapterTypeName="Microsoft.VisualStudio.TestTools.TestTypes.Unit.UnitTestAdapter, Microsoft.VisualStudio.QualityTools.Tips.UnitTest.Adapter, Version=9.0.0.0, Culture=neutral, PublicKeyToken=b03f5f7f11d50a3a" className="Test_Zhucai.LambdaParser.ExpressionParserManagerTest, Test_Zhucai.LambdaParser" name="ParseDelegateTest_OperatorExclusiveOr" />
    </UnitTest>
    <UnitTest name="ParseDelegateTest_OperatorNotEqual" storage="e:\svn\lambdaparser\lambdaparser\test_zhucai.lambdaparser\bin\debug\test_zhucai.lambdaparser.dll" id="b0467d72-b2a9-e7e8-00f1-a9d18d735f39">
      <Css projectStructure="" iteration="" />
      <Owners>
        <Owner name="" />
      </Owners>
      <Execution id="1931c8c0-c655-4915-a732-78f5fd59f1cf" />
      <TestMethod codeBase="E:\svn\lambdaparser\LambdaParser\Test_Zhucai.LambdaParser\bin\Debug\Test_Zhucai.LambdaParser.dll" adapterTypeName="Microsoft.VisualStudio.TestTools.TestTypes.Unit.UnitTestAdapter, Microsoft.VisualStudio.QualityTools.Tips.UnitTest.Adapter, Version=9.0.0.0, Culture=neutral, PublicKeyToken=b03f5f7f11d50a3a" className="Test_Zhucai.LambdaParser.ExpressionParserManagerTest, Test_Zhucai.LambdaParser" name="ParseDelegateTest_OperatorNotEqual" />
    </UnitTest>
    <UnitTest name="ParseDelegateTest_Indexer" storage="e:\svn\lambdaparser\lambdaparser\test_zhucai.lambdaparser\bin\debug\test_zhucai.lambdaparser.dll" id="e9ffd3e1-ec23-d727-ec5a-ccb3cbe5dcd0">
      <Css projectStructure="" iteration="" />
      <Owners>
        <Owner name="" />
      </Owners>
      <Execution id="e629312a-3222-4c19-82c3-9e0977ce4cef" />
      <TestMethod codeBase="E:\svn\lambdaparser\LambdaParser\Test_Zhucai.LambdaParser\bin\Debug\Test_Zhucai.LambdaParser.dll" adapterTypeName="Microsoft.VisualStudio.TestTools.TestTypes.Unit.UnitTestAdapter, Microsoft.VisualStudio.QualityTools.Tips.UnitTest.Adapter, Version=9.0.0.0, Culture=neutral, PublicKeyToken=b03f5f7f11d50a3a" className="Test_Zhucai.LambdaParser.ExpressionParserManagerTest, Test_Zhucai.LambdaParser" name="ParseDelegateTest_Indexer" />
    </UnitTest>
    <UnitTest name="ParseDelegateTest_OperatorAs" storage="e:\svn\lambdaparser\lambdaparser\test_zhucai.lambdaparser\bin\debug\test_zhucai.lambdaparser.dll" id="83e406f7-7434-0ccc-3606-9d259c97a0d2">
      <Css projectStructure="" iteration="" />
      <Owners>
        <Owner name="" />
      </Owners>
      <Execution id="a7dac928-bbf8-42ac-994f-4d0322b5e6c6" />
      <TestMethod codeBase="E:\svn\lambdaparser\LambdaParser\Test_Zhucai.LambdaParser\bin\Debug\Test_Zhucai.LambdaParser.dll" adapterTypeName="Microsoft.VisualStudio.TestTools.TestTypes.Unit.UnitTestAdapter, Microsoft.VisualStudio.QualityTools.Tips.UnitTest.Adapter, Version=9.0.0.0, Culture=neutral, PublicKeyToken=b03f5f7f11d50a3a" className="Test_Zhucai.LambdaParser.ExpressionParserManagerTest, Test_Zhucai.LambdaParser" name="ParseDelegateTest_OperatorAs" />
    </UnitTest>
    <UnitTest name="ParseDelegateTest_OperatorConvert" storage="e:\svn\lambdaparser\lambdaparser\test_zhucai.lambdaparser\bin\debug\test_zhucai.lambdaparser.dll" id="5c2a880b-06e3-2fbe-9321-9868fe84f583">
      <Css projectStructure="" iteration="" />
      <Owners>
        <Owner name="" />
      </Owners>
      <Execution id="662bd7a8-c08a-42b4-8f29-61a095149655" />
      <TestMethod codeBase="E:\svn\lambdaparser\LambdaParser\Test_Zhucai.LambdaParser\bin\Debug\Test_Zhucai.LambdaParser.dll" adapterTypeName="Microsoft.VisualStudio.TestTools.TestTypes.Unit.UnitTestAdapter, Microsoft.VisualStudio.QualityTools.Tips.UnitTest.Adapter, Version=9.0.0.0, Culture=neutral, PublicKeyToken=b03f5f7f11d50a3a" className="Test_Zhucai.LambdaParser.ExpressionParserManagerTest, Test_Zhucai.LambdaParser" name="ParseDelegateTest_OperatorConvert" />
    </UnitTest>
    <UnitTest name="ParseDelegateTest_Member_Method_Ctor" storage="e:\svn\lambdaparser\lambdaparser\test_zhucai.lambdaparser\bin\debug\test_zhucai.lambdaparser.dll" id="098a0fcd-c943-55ef-c311-b1cb3c6728f1">
      <Css projectStructure="" iteration="" />
      <Owners>
        <Owner name="" />
      </Owners>
      <Execution id="7a68b5e3-8d2f-48b1-9890-7b07f8b5029e" />
      <TestMethod codeBase="E:\svn\lambdaparser\LambdaParser\Test_Zhucai.LambdaParser\bin\Debug\Test_Zhucai.LambdaParser.dll" adapterTypeName="Microsoft.VisualStudio.TestTools.TestTypes.Unit.UnitTestAdapter, Microsoft.VisualStudio.QualityTools.Tips.UnitTest.Adapter, Version=9.0.0.0, Culture=neutral, PublicKeyToken=b03f5f7f11d50a3a" className="Test_Zhucai.LambdaParser.ExpressionParserManagerTest, Test_Zhucai.LambdaParser" name="ParseDelegateTest_Member_Method_Ctor" />
    </UnitTest>
    <UnitTest name="ParseDelegateTest_Number" storage="e:\svn\lambdaparser\lambdaparser\test_zhucai.lambdaparser\bin\debug\test_zhucai.lambdaparser.dll" id="12637310-9cd5-b9b6-3554-9d2c83e725f2">
      <Css projectStructure="" iteration="" />
      <Owners>
        <Owner name="" />
      </Owners>
      <Execution id="cb0d0cd5-fc60-465a-9131-ec8e9236fd09" />
      <TestMethod codeBase="E:\svn\lambdaparser\LambdaParser\Test_Zhucai.LambdaParser\bin\Debug\Test_Zhucai.LambdaParser.dll" adapterTypeName="Microsoft.VisualStudio.TestTools.TestTypes.Unit.UnitTestAdapter, Microsoft.VisualStudio.QualityTools.Tips.UnitTest.Adapter, Version=9.0.0.0, Culture=neutral, PublicKeyToken=b03f5f7f11d50a3a" className="Test_Zhucai.LambdaParser.ExpressionParserManagerTest, Test_Zhucai.LambdaParser" name="ParseDelegateTest_Number" />
    </UnitTest>
    <UnitTest name="ParseDelegateTest_OperatorBitNot" storage="e:\svn\lambdaparser\lambdaparser\test_zhucai.lambdaparser\bin\debug\test_zhucai.lambdaparser.dll" id="044e6252-efff-d73f-222f-588af7ab9726">
      <Css projectStructure="" iteration="" />
      <Owners>
        <Owner name="" />
      </Owners>
      <Execution id="23e7abde-d6b9-4a58-85b2-b06e5f2f0122" />
      <TestMethod codeBase="E:\svn\lambdaparser\LambdaParser\Test_Zhucai.LambdaParser\bin\Debug\Test_Zhucai.LambdaParser.dll" adapterTypeName="Microsoft.VisualStudio.TestTools.TestTypes.Unit.UnitTestAdapter, Microsoft.VisualStudio.QualityTools.Tips.UnitTest.Adapter, Version=9.0.0.0, Culture=neutral, PublicKeyToken=b03f5f7f11d50a3a" className="Test_Zhucai.LambdaParser.ExpressionParserManagerTest, Test_Zhucai.LambdaParser" name="ParseDelegateTest_OperatorBitNot" />
    </UnitTest>
    <UnitTest name="ParseDelegateTest_ArrayMultiRank" storage="e:\svn\lambdaparser\lambdaparser\test_zhucai.lambdaparser\bin\debug\test_zhucai.lambdaparser.dll" id="14b83ec5-07cb-94f3-73d8-1f5301331fcd">
      <Css projectStructure="" iteration="" />
      <Owners>
        <Owner name="" />
      </Owners>
      <Execution id="1dd1feac-6dff-4ade-814e-93cc25c4f3e8" />
      <TestMethod codeBase="E:\svn\lambdaparser\LambdaParser\Test_Zhucai.LambdaParser\bin\Debug\Test_Zhucai.LambdaParser.dll" adapterTypeName="Microsoft.VisualStudio.TestTools.TestTypes.Unit.UnitTestAdapter, Microsoft.VisualStudio.QualityTools.Tips.UnitTest.Adapter, Version=9.0.0.0, Culture=neutral, PublicKeyToken=b03f5f7f11d50a3a" className="Test_Zhucai.LambdaParser.ExpressionParserManagerTest, Test_Zhucai.LambdaParser" name="ParseDelegateTest_ArrayMultiRank" />
    </UnitTest>
    <UnitTest name="ParseDelegateTest_OperatorEqual" storage="e:\svn\lambdaparser\lambdaparser\test_zhucai.lambdaparser\bin\debug\test_zhucai.lambdaparser.dll" id="d1ee7b37-6a35-14f2-f301-09c982e7f5e1">
      <Css projectStructure="" iteration="" />
      <Owners>
        <Owner name="" />
      </Owners>
      <Execution id="9af0edf9-1e26-49f7-b2e9-18ba1fed3acb" />
      <TestMethod codeBase="E:\svn\lambdaparser\LambdaParser\Test_Zhucai.LambdaParser\bin\Debug\Test_Zhucai.LambdaParser.dll" adapterTypeName="Microsoft.VisualStudio.TestTools.TestTypes.Unit.UnitTestAdapter, Microsoft.VisualStudio.QualityTools.Tips.UnitTest.Adapter, Version=9.0.0.0, Culture=neutral, PublicKeyToken=b03f5f7f11d50a3a" className="Test_Zhucai.LambdaParser.ExpressionParserManagerTest, Test_Zhucai.LambdaParser" name="ParseDelegateTest_OperatorEqual" />
    </UnitTest>
    <UnitTest name="ParseDelegateTest_OperatorDoubleQuestionMark" storage="e:\svn\lambdaparser\lambdaparser\test_zhucai.lambdaparser\bin\debug\test_zhucai.lambdaparser.dll" id="9c025804-cfe7-d29f-724f-882b3c9703ad">
      <Css projectStructure="" iteration="" />
      <Owners>
        <Owner name="" />
      </Owners>
      <Execution id="8d8eca14-7960-4a1a-8df3-5784b090c10d" />
      <TestMethod codeBase="E:\svn\lambdaparser\LambdaParser\Test_Zhucai.LambdaParser\bin\Debug\Test_Zhucai.LambdaParser.dll" adapterTypeName="Microsoft.VisualStudio.TestTools.TestTypes.Unit.UnitTestAdapter, Microsoft.VisualStudio.QualityTools.Tips.UnitTest.Adapter, Version=9.0.0.0, Culture=neutral, PublicKeyToken=b03f5f7f11d50a3a" className="Test_Zhucai.LambdaParser.ExpressionParserManagerTest, Test_Zhucai.LambdaParser" name="ParseDelegateTest_OperatorDoubleQuestionMark" />
    </UnitTest>
    <UnitTest name="ParseDelegateTest_MemberInit" storage="e:\svn\lambdaparser\lambdaparser\test_zhucai.lambdaparser\bin\debug\test_zhucai.lambdaparser.dll" id="7986bd40-4d1d-4a90-3b50-1f728ff8bdf4">
      <Css projectStructure="" iteration="" />
      <Owners>
        <Owner name="" />
      </Owners>
      <Execution id="0adf3741-e817-40c8-9837-7eb8d85d8ab2" />
      <TestMethod codeBase="E:\svn\lambdaparser\LambdaParser\Test_Zhucai.LambdaParser\bin\Debug\Test_Zhucai.LambdaParser.dll" adapterTypeName="Microsoft.VisualStudio.TestTools.TestTypes.Unit.UnitTestAdapter, Microsoft.VisualStudio.QualityTools.Tips.UnitTest.Adapter, Version=9.0.0.0, Culture=neutral, PublicKeyToken=b03f5f7f11d50a3a" className="Test_Zhucai.LambdaParser.ExpressionParserManagerTest, Test_Zhucai.LambdaParser" name="ParseDelegateTest_MemberInit" />
    </UnitTest>
    <UnitTest name="ParseDelegateTest_OperatorGreaterThan" storage="e:\svn\lambdaparser\lambdaparser\test_zhucai.lambdaparser\bin\debug\test_zhucai.lambdaparser.dll" id="e762edc2-dc2b-69f8-71d2-ea33c13ba839">
      <Css projectStructure="" iteration="" />
      <Owners>
        <Owner name="" />
      </Owners>
      <Execution id="aacaf5bf-b29a-4590-ac4b-587cb2e05fb5" />
      <TestMethod codeBase="E:\svn\lambdaparser\LambdaParser\Test_Zhucai.LambdaParser\bin\Debug\Test_Zhucai.LambdaParser.dll" adapterTypeName="Microsoft.VisualStudio.TestTools.TestTypes.Unit.UnitTestAdapter, Microsoft.VisualStudio.QualityTools.Tips.UnitTest.Adapter, Version=9.0.0.0, Culture=neutral, PublicKeyToken=b03f5f7f11d50a3a" className="Test_Zhucai.LambdaParser.ExpressionParserManagerTest, Test_Zhucai.LambdaParser" name="ParseDelegateTest_OperatorGreaterThan" />
    </UnitTest>
    <UnitTest name="ParseDelegateTest_OperatorOrElse" storage="e:\svn\lambdaparser\lambdaparser\test_zhucai.lambdaparser\bin\debug\test_zhucai.lambdaparser.dll" id="8650c452-efbb-fde1-adb2-75d33c84f6e0">
      <Css projectStructure="" iteration="" />
      <Owners>
        <Owner name="" />
      </Owners>
      <Execution id="77f5ccc5-86d6-4d40-94c6-67cf7d28881c" />
      <TestMethod codeBase="E:\svn\lambdaparser\LambdaParser\Test_Zhucai.LambdaParser\bin\Debug\Test_Zhucai.LambdaParser.dll" adapterTypeName="Microsoft.VisualStudio.TestTools.TestTypes.Unit.UnitTestAdapter, Microsoft.VisualStudio.QualityTools.Tips.UnitTest.Adapter, Version=9.0.0.0, Culture=neutral, PublicKeyToken=b03f5f7f11d50a3a" className="Test_Zhucai.LambdaParser.ExpressionParserManagerTest, Test_Zhucai.LambdaParser" name="ParseDelegateTest_OperatorOrElse" />
    </UnitTest>
    <UnitTest name="ParseDelegateTest_OperatorLessThan" storage="e:\svn\lambdaparser\lambdaparser\test_zhucai.lambdaparser\bin\debug\test_zhucai.lambdaparser.dll" id="cad1037b-f902-1930-4b48-53d05d6e87ca">
      <Css projectStructure="" iteration="" />
      <Owners>
        <Owner name="" />
      </Owners>
      <Execution id="2d0c348b-f850-403f-97ef-4b0437cb9214" />
      <TestMethod codeBase="E:\svn\lambdaparser\LambdaParser\Test_Zhucai.LambdaParser\bin\Debug\Test_Zhucai.LambdaParser.dll" adapterTypeName="Microsoft.VisualStudio.TestTools.TestTypes.Unit.UnitTestAdapter, Microsoft.VisualStudio.QualityTools.Tips.UnitTest.Adapter, Version=9.0.0.0, Culture=neutral, PublicKeyToken=b03f5f7f11d50a3a" className="Test_Zhucai.LambdaParser.ExpressionParserManagerTest, Test_Zhucai.LambdaParser" name="ParseDelegateTest_OperatorLessThan" />
    </UnitTest>
    <UnitTest name="ParseDelegateTest_OperatorLessThanOrEqual" storage="e:\svn\lambdaparser\lambdaparser\test_zhucai.lambdaparser\bin\debug\test_zhucai.lambdaparser.dll" id="57d0350f-0a28-e38d-fcf7-50849bb52c13">
      <Css projectStructure="" iteration="" />
      <Owners>
        <Owner name="" />
      </Owners>
      <Execution id="a93ce74f-d6e0-4236-a745-98b70f468bfb" />
      <TestMethod codeBase="E:\svn\lambdaparser\LambdaParser\Test_Zhucai.LambdaParser\bin\Debug\Test_Zhucai.LambdaParser.dll" adapterTypeName="Microsoft.VisualStudio.TestTools.TestTypes.Unit.UnitTestAdapter, Microsoft.VisualStudio.QualityTools.Tips.UnitTest.Adapter, Version=9.0.0.0, Culture=neutral, PublicKeyToken=b03f5f7f11d50a3a" className="Test_Zhucai.LambdaParser.ExpressionParserManagerTest, Test_Zhucai.LambdaParser" name="ParseDelegateTest_OperatorLessThanOrEqual" />
    </UnitTest>
    <UnitTest name="ParseDelegateTest_OperatorIs" storage="e:\svn\lambdaparser\lambdaparser\test_zhucai.lambdaparser\bin\debug\test_zhucai.lambdaparser.dll" id="614ba8e4-bac9-1a5b-5428-4afb5dc1277b">
      <Css projectStructure="" iteration="" />
      <Owners>
        <Owner name="" />
      </Owners>
      <Execution id="34b26f3b-dd03-4ded-8338-91596f53163b" />
      <TestMethod codeBase="E:\svn\lambdaparser\LambdaParser\Test_Zhucai.LambdaParser\bin\Debug\Test_Zhucai.LambdaParser.dll" adapterTypeName="Microsoft.VisualStudio.TestTools.TestTypes.Unit.UnitTestAdapter, Microsoft.VisualStudio.QualityTools.Tips.UnitTest.Adapter, Version=9.0.0.0, Culture=neutral, PublicKeyToken=b03f5f7f11d50a3a" className="Test_Zhucai.LambdaParser.ExpressionParserManagerTest, Test_Zhucai.LambdaParser" name="ParseDelegateTest_OperatorIs" />
    </UnitTest>
    <UnitTest name="ParseDelegateTest_OperatorNot" storage="e:\svn\lambdaparser\lambdaparser\test_zhucai.lambdaparser\bin\debug\test_zhucai.lambdaparser.dll" id="5cf4a8cb-3002-5a98-0436-41631b1cc8b0">
      <Css projectStructure="" iteration="" />
      <Owners>
        <Owner name="" />
      </Owners>
      <Execution id="8c48d619-168b-4c2a-8c68-5d1ac6f0ea38" />
      <TestMethod codeBase="E:\svn\lambdaparser\LambdaParser\Test_Zhucai.LambdaParser\bin\Debug\Test_Zhucai.LambdaParser.dll" adapterTypeName="Microsoft.VisualStudio.TestTools.TestTypes.Unit.UnitTestAdapter, Microsoft.VisualStudio.QualityTools.Tips.UnitTest.Adapter, Version=9.0.0.0, Culture=neutral, PublicKeyToken=b03f5f7f11d50a3a" className="Test_Zhucai.LambdaParser.ExpressionParserManagerTest, Test_Zhucai.LambdaParser" name="ParseDelegateTest_OperatorNot" />
    </UnitTest>
    <UnitTest name="ParseDelegateTest_OperatorOr" storage="e:\svn\lambdaparser\lambdaparser\test_zhucai.lambdaparser\bin\debug\test_zhucai.lambdaparser.dll" id="e3328cb3-bd63-584c-733c-d137e34b0443">
      <Css projectStructure="" iteration="" />
      <Owners>
        <Owner name="" />
      </Owners>
      <Execution id="72c0ef20-07ed-4040-a7ab-a2601edc3b43" />
      <TestMethod codeBase="E:\svn\lambdaparser\LambdaParser\Test_Zhucai.LambdaParser\bin\Debug\Test_Zhucai.LambdaParser.dll" adapterTypeName="Microsoft.VisualStudio.TestTools.TestTypes.Unit.UnitTestAdapter, Microsoft.VisualStudio.QualityTools.Tips.UnitTest.Adapter, Version=9.0.0.0, Culture=neutral, PublicKeyToken=b03f5f7f11d50a3a" className="Test_Zhucai.LambdaParser.ExpressionParserManagerTest, Test_Zhucai.LambdaParser" name="ParseDelegateTest_OperatorOr" />
    </UnitTest>
    <UnitTest name="ParseDelegateTest_OperatorTypeofSizeof" storage="e:\svn\lambdaparser\lambdaparser\test_zhucai.lambdaparser\bin\debug\test_zhucai.lambdaparser.dll" id="5d5553a2-3cc1-7ca3-3487-f4690fb238d4">
      <Css projectStructure="" iteration="" />
      <Owners>
        <Owner name="" />
      </Owners>
      <Execution id="f7873fac-566c-43ff-9877-c318dcf3098a" />
      <TestMethod codeBase="E:\svn\lambdaparser\LambdaParser\Test_Zhucai.LambdaParser\bin\Debug\Test_Zhucai.LambdaParser.dll" adapterTypeName="Microsoft.VisualStudio.TestTools.TestTypes.Unit.UnitTestAdapter, Microsoft.VisualStudio.QualityTools.Tips.UnitTest.Adapter, Version=9.0.0.0, Culture=neutral, PublicKeyToken=b03f5f7f11d50a3a" className="Test_Zhucai.LambdaParser.ExpressionParserManagerTest, Test_Zhucai.LambdaParser" name="ParseDelegateTest_OperatorTypeofSizeof" />
    </UnitTest>
    <UnitTest name="ParseDelegateTest_MultiLambdaParam" storage="e:\svn\lambdaparser\lambdaparser\test_zhucai.lambdaparser\bin\debug\test_zhucai.lambdaparser.dll" id="0053eb09-ae58-2347-f184-d34ae225cd47">
      <Css projectStructure="" iteration="" />
      <Owners>
        <Owner name="" />
      </Owners>
      <Execution id="7ad24be5-dbd5-418d-9eae-5d05ae71343e" />
      <TestMethod codeBase="E:\svn\lambdaparser\LambdaParser\Test_Zhucai.LambdaParser\bin\Debug\Test_Zhucai.LambdaParser.dll" adapterTypeName="Microsoft.VisualStudio.TestTools.TestTypes.Unit.UnitTestAdapter, Microsoft.VisualStudio.QualityTools.Tips.UnitTest.Adapter, Version=9.0.0.0, Culture=neutral, PublicKeyToken=b03f5f7f11d50a3a" className="Test_Zhucai.LambdaParser.ExpressionParserManagerTest, Test_Zhucai.LambdaParser" name="ParseDelegateTest_MultiLambdaParam" />
    </UnitTest>
    <UnitTest name="ParseDelegateTest_Array2" storage="e:\svn\lambdaparser\lambdaparser\test_zhucai.lambdaparser\bin\debug\test_zhucai.lambdaparser.dll" id="fda601cd-c781-f302-edf9-6839ea54e781">
      <Css projectStructure="" iteration="" />
      <Owners>
        <Owner name="" />
      </Owners>
      <Execution id="2f78352b-1970-4a9e-9f57-d0e94cd5dea3" />
      <TestMethod codeBase="E:\svn\lambdaparser\LambdaParser\Test_Zhucai.LambdaParser\bin\Debug\Test_Zhucai.LambdaParser.dll" adapterTypeName="Microsoft.VisualStudio.TestTools.TestTypes.Unit.UnitTestAdapter, Microsoft.VisualStudio.QualityTools.Tips.UnitTest.Adapter, Version=9.0.0.0, Culture=neutral, PublicKeyToken=b03f5f7f11d50a3a" className="Test_Zhucai.LambdaParser.ExpressionParserManagerTest, Test_Zhucai.LambdaParser" name="ParseDelegateTest_Array2" />
    </UnitTest>
    <UnitTest name="ParseDelegateTest_OperatorGreaterThanOrEqual" storage="e:\svn\lambdaparser\lambdaparser\test_zhucai.lambdaparser\bin\debug\test_zhucai.lambdaparser.dll" id="477d7851-a215-3b08-f6bd-9ef70408a55b">
      <Css projectStructure="" iteration="" />
      <Owners>
        <Owner name="" />
      </Owners>
      <Execution id="8da0af52-2150-40b9-9fc5-46d0155c5a80" />
      <TestMethod codeBase="E:\svn\lambdaparser\LambdaParser\Test_Zhucai.LambdaParser\bin\Debug\Test_Zhucai.LambdaParser.dll" adapterTypeName="Microsoft.VisualStudio.TestTools.TestTypes.Unit.UnitTestAdapter, Microsoft.VisualStudio.QualityTools.Tips.UnitTest.Adapter, Version=9.0.0.0, Culture=neutral, PublicKeyToken=b03f5f7f11d50a3a" className="Test_Zhucai.LambdaParser.ExpressionParserManagerTest, Test_Zhucai.LambdaParser" name="ParseDelegateTest_OperatorGreaterThanOrEqual" />
    </UnitTest>
  </TestDefinitions>
  <TestLists>
    <TestList name="Results Not in a List" id="8c84fa94-04c1-424b-9868-57a2d4851a1d" />
    <TestList name="All Loaded Results" id="19431567-8539-422a-85d7-44ee4e166bda" />
  </TestLists>
  <TestEntries>
    <TestEntry testId="0053eb09-ae58-2347-f184-d34ae225cd47" executionId="7ad24be5-dbd5-418d-9eae-5d05ae71343e" testListId="8c84fa94-04c1-424b-9868-57a2d4851a1d" />
    <TestEntry testId="044e6252-efff-d73f-222f-588af7ab9726" executionId="23e7abde-d6b9-4a58-85b2-b06e5f2f0122" testListId="8c84fa94-04c1-424b-9868-57a2d4851a1d" />
    <TestEntry testId="098a0fcd-c943-55ef-c311-b1cb3c6728f1" executionId="7a68b5e3-8d2f-48b1-9890-7b07f8b5029e" testListId="8c84fa94-04c1-424b-9868-57a2d4851a1d" />
    <TestEntry testId="12637310-9cd5-b9b6-3554-9d2c83e725f2" executionId="cb0d0cd5-fc60-465a-9131-ec8e9236fd09" testListId="8c84fa94-04c1-424b-9868-57a2d4851a1d" />
    <TestEntry testId="14b83ec5-07cb-94f3-73d8-1f5301331fcd" executionId="1dd1feac-6dff-4ade-814e-93cc25c4f3e8" testListId="8c84fa94-04c1-424b-9868-57a2d4851a1d" />
    <TestEntry testId="1983b5cb-f456-910d-196f-ae3c375de9fa" executionId="ce01ac9b-7590-4403-8f4f-7aa6a85eb23a" testListId="8c84fa94-04c1-424b-9868-57a2d4851a1d" />
    <TestEntry testId="35601cf4-55e9-2a46-2798-7e5080b71c58" executionId="8fd21fae-8298-4de5-9a33-92c0c569dce9" testListId="8c84fa94-04c1-424b-9868-57a2d4851a1d" />
    <TestEntry testId="477d7851-a215-3b08-f6bd-9ef70408a55b" executionId="8da0af52-2150-40b9-9fc5-46d0155c5a80" testListId="8c84fa94-04c1-424b-9868-57a2d4851a1d" />
    <TestEntry testId="57d0350f-0a28-e38d-fcf7-50849bb52c13" executionId="a93ce74f-d6e0-4236-a745-98b70f468bfb" testListId="8c84fa94-04c1-424b-9868-57a2d4851a1d" />
    <TestEntry testId="5c2a880b-06e3-2fbe-9321-9868fe84f583" executionId="662bd7a8-c08a-42b4-8f29-61a095149655" testListId="8c84fa94-04c1-424b-9868-57a2d4851a1d" />
    <TestEntry testId="5cf4a8cb-3002-5a98-0436-41631b1cc8b0" executionId="8c48d619-168b-4c2a-8c68-5d1ac6f0ea38" testListId="8c84fa94-04c1-424b-9868-57a2d4851a1d" />
    <TestEntry testId="5d5553a2-3cc1-7ca3-3487-f4690fb238d4" executionId="f7873fac-566c-43ff-9877-c318dcf3098a" testListId="8c84fa94-04c1-424b-9868-57a2d4851a1d" />
    <TestEntry testId="614ba8e4-bac9-1a5b-5428-4afb5dc1277b" executionId="34b26f3b-dd03-4ded-8338-91596f53163b" testListId="8c84fa94-04c1-424b-9868-57a2d4851a1d" />
    <TestEntry testId="7986bd40-4d1d-4a90-3b50-1f728ff8bdf4" executionId="0adf3741-e817-40c8-9837-7eb8d85d8ab2" testListId="8c84fa94-04c1-424b-9868-57a2d4851a1d" />
    <TestEntry testId="8385f542-961c-d8b5-47f8-ecd5bfcb50dd" executionId="e57878ce-a341-4929-845d-f9ede74800c5" testListId="8c84fa94-04c1-424b-9868-57a2d4851a1d" />
    <TestEntry testId="83e406f7-7434-0ccc-3606-9d259c97a0d2" executionId="a7dac928-bbf8-42ac-994f-4d0322b5e6c6" testListId="8c84fa94-04c1-424b-9868-57a2d4851a1d" />
    <TestEntry testId="8650c452-efbb-fde1-adb2-75d33c84f6e0" executionId="77f5ccc5-86d6-4d40-94c6-67cf7d28881c" testListId="8c84fa94-04c1-424b-9868-57a2d4851a1d" />
    <TestEntry testId="96d5f01a-6513-53d7-bf45-b619016524a9" executionId="0e1aee07-e207-4c3a-abfd-11d3ed013ce8" testListId="8c84fa94-04c1-424b-9868-57a2d4851a1d" />
    <TestEntry testId="9c025804-cfe7-d29f-724f-882b3c9703ad" executionId="8d8eca14-7960-4a1a-8df3-5784b090c10d" testListId="8c84fa94-04c1-424b-9868-57a2d4851a1d" />
    <TestEntry testId="a4521ecc-80f1-7e9f-fc94-9ecea46d77a7" executionId="f3eb609e-ae2d-46be-acef-48924638f15d" testListId="8c84fa94-04c1-424b-9868-57a2d4851a1d" />
    <TestEntry testId="aea69126-3692-e43c-7a1e-75e2a7d9d34d" executionId="9c0127c1-8d2f-4eb2-bbb9-b1e99b2396e5" testListId="8c84fa94-04c1-424b-9868-57a2d4851a1d" />
    <TestEntry testId="b0467d72-b2a9-e7e8-00f1-a9d18d735f39" executionId="1931c8c0-c655-4915-a732-78f5fd59f1cf" testListId="8c84fa94-04c1-424b-9868-57a2d4851a1d" />
    <TestEntry testId="b4bbdcb0-6a72-e740-ffa3-91840ccdac33" executionId="6039ac9a-c119-4906-bc51-69c6dc8b1d97" testListId="8c84fa94-04c1-424b-9868-57a2d4851a1d" />
    <TestEntry testId="cad1037b-f902-1930-4b48-53d05d6e87ca" executionId="2d0c348b-f850-403f-97ef-4b0437cb9214" testListId="8c84fa94-04c1-424b-9868-57a2d4851a1d" />
    <TestEntry testId="d1ee7b37-6a35-14f2-f301-09c982e7f5e1" executionId="9af0edf9-1e26-49f7-b2e9-18ba1fed3acb" testListId="8c84fa94-04c1-424b-9868-57a2d4851a1d" />
    <TestEntry testId="e3328cb3-bd63-584c-733c-d137e34b0443" executionId="72c0ef20-07ed-4040-a7ab-a2601edc3b43" testListId="8c84fa94-04c1-424b-9868-57a2d4851a1d" />
    <TestEntry testId="e40092ec-1666-5813-1465-57ded5ae5d9f" executionId="ea882a73-bd31-46db-8b29-89d40cc1679a" testListId="8c84fa94-04c1-424b-9868-57a2d4851a1d" />
    <TestEntry testId="e762edc2-dc2b-69f8-71d2-ea33c13ba839" executionId="aacaf5bf-b29a-4590-ac4b-587cb2e05fb5" testListId="8c84fa94-04c1-424b-9868-57a2d4851a1d" />
    <TestEntry testId="e9ffd3e1-ec23-d727-ec5a-ccb3cbe5dcd0" executionId="e629312a-3222-4c19-82c3-9e0977ce4cef" testListId="8c84fa94-04c1-424b-9868-57a2d4851a1d" />
    <TestEntry testId="fda601cd-c781-f302-edf9-6839ea54e781" executionId="2f78352b-1970-4a9e-9f57-d0e94cd5dea3" testListId="8c84fa94-04c1-424b-9868-57a2d4851a1d" />
  </TestEntries>
  <Results>
    <UnitTestResult executionId="7ad24be5-dbd5-418d-9eae-5d05ae71343e" testId="0053eb09-ae58-2347-f184-d34ae225cd47" testName="ParseDelegateTest_MultiLambdaParam" computerName="ZHUCAI-PC" duration="00:00:00.2548301" startTime="2009-06-09T23:54:48.8525390+08:00" endTime="2009-06-09T23:54:49.5400390+08:00" testType="13cdc9d9-ddb5-4fa4-a97d-d965ccfc6d4b" outcome="Passed" testListId="8c84fa94-04c1-424b-9868-57a2d4851a1d">
      <Output>
      </Output>
    </UnitTestResult>
    <UnitTestResult executionId="23e7abde-d6b9-4a58-85b2-b06e5f2f0122" testId="044e6252-efff-d73f-222f-588af7ab9726" testName="ParseDelegateTest_OperatorBitNot" computerName="ZHUCAI-PC" duration="00:00:00.0141470" startTime="2009-06-09T23:54:49.5517578+08:00" endTime="2009-06-09T23:54:49.5820312+08:00" testType="13cdc9d9-ddb5-4fa4-a97d-d965ccfc6d4b" outcome="Passed" testListId="8c84fa94-04c1-424b-9868-57a2d4851a1d">
      <Output>
      </Output>
    </UnitTestResult>
    <UnitTestResult executionId="7a68b5e3-8d2f-48b1-9890-7b07f8b5029e" testId="098a0fcd-c943-55ef-c311-b1cb3c6728f1" testName="ParseDelegateTest_Member_Method_Ctor" computerName="ZHUCAI-PC" duration="00:00:00.0191982" startTime="2009-06-09T23:54:49.5869140+08:00" endTime="2009-06-09T23:54:49.6191406+08:00" testType="13cdc9d9-ddb5-4fa4-a97d-d965ccfc6d4b" outcome="Passed" testListId="8c84fa94-04c1-424b-9868-57a2d4851a1d">
      <Output>
      </Output>
    </UnitTestResult>
    <UnitTestResult executionId="cb0d0cd5-fc60-465a-9131-ec8e9236fd09" testId="12637310-9cd5-b9b6-3554-9d2c83e725f2" testName="ParseDelegateTest_Number" computerName="ZHUCAI-PC" duration="00:00:00.0079507" startTime="2009-06-09T23:54:49.6230468+08:00" endTime="2009-06-09T23:54:49.6406250+08:00" testType="13cdc9d9-ddb5-4fa4-a97d-d965ccfc6d4b" outcome="Passed" testListId="8c84fa94-04c1-424b-9868-57a2d4851a1d">
      <Output>
      </Output>
    </UnitTestResult>
    <UnitTestResult executionId="1dd1feac-6dff-4ade-814e-93cc25c4f3e8" testId="14b83ec5-07cb-94f3-73d8-1f5301331fcd" testName="ParseDelegateTest_ArrayMultiRank" computerName="ZHUCAI-PC" duration="00:00:00.0015082" startTime="2009-06-09T23:54:49.6464843+08:00" endTime="2009-06-09T23:54:49.6572265+08:00" testType="13cdc9d9-ddb5-4fa4-a97d-d965ccfc6d4b" outcome="Passed" testListId="8c84fa94-04c1-424b-9868-57a2d4851a1d">
      <Output>
      </Output>
    </UnitTestResult>
    <UnitTestResult executionId="ce01ac9b-7590-4403-8f4f-7aa6a85eb23a" testId="1983b5cb-f456-910d-196f-ae3c375de9fa" testName="ParseDelegateTest_StringAdd" computerName="ZHUCAI-PC" duration="00:00:00.0029528" startTime="2009-06-09T23:54:49.6621093+08:00" endTime="2009-06-09T23:54:49.6767578+08:00" testType="13cdc9d9-ddb5-4fa4-a97d-d965ccfc6d4b" outcome="Passed" testListId="8c84fa94-04c1-424b-9868-57a2d4851a1d">
      <Output>
      </Output>
    </UnitTestResult>
    <UnitTestResult executionId="8fd21fae-8298-4de5-9a33-92c0c569dce9" testId="35601cf4-55e9-2a46-2798-7e5080b71c58" testName="ParseDelegateTest_OperatorAnd" computerName="ZHUCAI-PC" duration="00:00:00.0014686" startTime="2009-06-09T23:54:49.6816406+08:00" endTime="2009-06-09T23:54:49.6914062+08:00" testType="13cdc9d9-ddb5-4fa4-a97d-d965ccfc6d4b" outcome="Passed" testListId="8c84fa94-04c1-424b-9868-57a2d4851a1d">
      <Output>
      </Output>
    </UnitTestResult>
    <UnitTestResult executionId="8da0af52-2150-40b9-9fc5-46d0155c5a80" testId="477d7851-a215-3b08-f6bd-9ef70408a55b" testName="ParseDelegateTest_OperatorGreaterThanOrEqual" computerName="ZHUCAI-PC" duration="00:00:00.0050417" startTime="2009-06-09T23:54:49.6953125+08:00" endTime="2009-06-09T23:54:49.7099609+08:00" testType="13cdc9d9-ddb5-4fa4-a97d-d965ccfc6d4b" outcome="Passed" testListId="8c84fa94-04c1-424b-9868-57a2d4851a1d">
      <Output>
      </Output>
    </UnitTestResult>
    <UnitTestResult executionId="a93ce74f-d6e0-4236-a745-98b70f468bfb" testId="57d0350f-0a28-e38d-fcf7-50849bb52c13" testName="ParseDelegateTest_OperatorLessThanOrEqual" computerName="ZHUCAI-PC" duration="00:00:00.0015082" startTime="2009-06-09T23:54:49.7138671+08:00" endTime="2009-06-09T23:54:49.7246093+08:00" testType="13cdc9d9-ddb5-4fa4-a97d-d965ccfc6d4b" outcome="Passed" testListId="8c84fa94-04c1-424b-9868-57a2d4851a1d">
      <Output>
      </Output>
    </UnitTestResult>
    <UnitTestResult executionId="662bd7a8-c08a-42b4-8f29-61a095149655" testId="5c2a880b-06e3-2fbe-9321-9868fe84f583" testName="ParseDelegateTest_OperatorConvert" computerName="ZHUCAI-PC" duration="00:00:00.0008143" startTime="2009-06-09T23:54:49.7294921+08:00" endTime="2009-06-09T23:54:49.7402343+08:00" testType="13cdc9d9-ddb5-4fa4-a97d-d965ccfc6d4b" outcome="Passed" testListId="8c84fa94-04c1-424b-9868-57a2d4851a1d">
      <Output>
      </Output>
    </UnitTestResult>
    <UnitTestResult executionId="8c48d619-168b-4c2a-8c68-5d1ac6f0ea38" testId="5cf4a8cb-3002-5a98-0436-41631b1cc8b0" testName="ParseDelegateTest_OperatorNot" computerName="ZHUCAI-PC" duration="00:00:00.0024531" startTime="2009-06-09T23:54:49.7451171+08:00" endTime="2009-06-09T23:54:49.7607421+08:00" testType="13cdc9d9-ddb5-4fa4-a97d-d965ccfc6d4b" outcome="Passed" testListId="8c84fa94-04c1-424b-9868-57a2d4851a1d">
      <Output>
      </Output>
    </UnitTestResult>
    <UnitTestResult executionId="f7873fac-566c-43ff-9877-c318dcf3098a" testId="5d5553a2-3cc1-7ca3-3487-f4690fb238d4" testName="ParseDelegateTest_OperatorTypeofSizeof" computerName="ZHUCAI-PC" duration="00:00:00.0028109" startTime="2009-06-09T23:54:49.7646484+08:00" endTime="2009-06-09T23:54:49.8203125+08:00" testType="13cdc9d9-ddb5-4fa4-a97d-d965ccfc6d4b" outcome="Passed" testListId="8c84fa94-04c1-424b-9868-57a2d4851a1d">
      <Output>
      </Output>
    </UnitTestResult>
    <UnitTestResult executionId="34b26f3b-dd03-4ded-8338-91596f53163b" testId="614ba8e4-bac9-1a5b-5428-4afb5dc1277b" testName="ParseDelegateTest_OperatorIs" computerName="ZHUCAI-PC" duration="00:00:00.0076244" startTime="2009-06-09T23:54:49.8251953+08:00" endTime="2009-06-09T23:54:49.8417968+08:00" testType="13cdc9d9-ddb5-4fa4-a97d-d965ccfc6d4b" outcome="Passed" testListId="8c84fa94-04c1-424b-9868-57a2d4851a1d">
      <Output>
      </Output>
    </UnitTestResult>
    <UnitTestResult executionId="0adf3741-e817-40c8-9837-7eb8d85d8ab2" testId="7986bd40-4d1d-4a90-3b50-1f728ff8bdf4" testName="ParseDelegateTest_MemberInit" computerName="ZHUCAI-PC" duration="00:00:00.0019348" startTime="2009-06-09T23:54:49.8486328+08:00" endTime="2009-06-09T23:54:49.8623046+08:00" testType="13cdc9d9-ddb5-4fa4-a97d-d965ccfc6d4b" outcome="Passed" testListId="8c84fa94-04c1-424b-9868-57a2d4851a1d">
      <Output>
      </Output>
    </UnitTestResult>
    <UnitTestResult executionId="e57878ce-a341-4929-845d-f9ede74800c5" testId="8385f542-961c-d8b5-47f8-ecd5bfcb50dd" testName="ParseDelegateTest_Array" computerName="ZHUCAI-PC" duration="00:00:00.0024248" startTime="2009-06-09T23:54:49.8681640+08:00" endTime="2009-06-09T23:54:49.8798828+08:00" testType="13cdc9d9-ddb5-4fa4-a97d-d965ccfc6d4b" outcome="Passed" testListId="8c84fa94-04c1-424b-9868-57a2d4851a1d">
      <Output>
      </Output>
    </UnitTestResult>
    <UnitTestResult executionId="a7dac928-bbf8-42ac-994f-4d0322b5e6c6" testId="83e406f7-7434-0ccc-3606-9d259c97a0d2" testName="ParseDelegateTest_OperatorAs" computerName="ZHUCAI-PC" duration="00:00:00.0029520" startTime="2009-06-09T23:54:49.8837890+08:00" endTime="2009-06-09T23:54:49.9257812+08:00" testType="13cdc9d9-ddb5-4fa4-a97d-d965ccfc6d4b" outcome="Passed" testListId="8c84fa94-04c1-424b-9868-57a2d4851a1d">
      <Output>
      </Output>
    </UnitTestResult>
    <UnitTestResult executionId="77f5ccc5-86d6-4d40-94c6-67cf7d28881c" testId="8650c452-efbb-fde1-adb2-75d33c84f6e0" testName="ParseDelegateTest_OperatorOrElse" computerName="ZHUCAI-PC" duration="00:00:00.0017309" startTime="2009-06-09T23:54:49.9316406+08:00" endTime="2009-06-09T23:54:49.9423828+08:00" testType="13cdc9d9-ddb5-4fa4-a97d-d965ccfc6d4b" outcome="Passed" testListId="8c84fa94-04c1-424b-9868-57a2d4851a1d">
      <Output>
      </Output>
    </UnitTestResult>
    <UnitTestResult executionId="0e1aee07-e207-4c3a-abfd-11d3ed013ce8" testId="96d5f01a-6513-53d7-bf45-b619016524a9" testName="ParseDelegateTest_OperatorCondition" computerName="ZHUCAI-PC" duration="00:00:00.0014772" startTime="2009-06-09T23:54:49.9472656+08:00" endTime="2009-06-09T23:54:49.9580078+08:00" testType="13cdc9d9-ddb5-4fa4-a97d-d965ccfc6d4b" outcome="Passed" testListId="8c84fa94-04c1-424b-9868-57a2d4851a1d">
      <Output>
      </Output>
    </UnitTestResult>
    <UnitTestResult executionId="8d8eca14-7960-4a1a-8df3-5784b090c10d" testId="9c025804-cfe7-d29f-724f-882b3c9703ad" testName="ParseDelegateTest_OperatorDoubleQuestionMark" computerName="ZHUCAI-PC" duration="00:00:00.0043620" startTime="2009-06-09T23:54:49.9628906+08:00" endTime="2009-06-09T23:54:49.9804687+08:00" testType="13cdc9d9-ddb5-4fa4-a97d-d965ccfc6d4b" outcome="Passed" testListId="8c84fa94-04c1-424b-9868-57a2d4851a1d">
      <Output>
      </Output>
    </UnitTestResult>
    <UnitTestResult executionId="f3eb609e-ae2d-46be-acef-48924638f15d" testId="a4521ecc-80f1-7e9f-fc94-9ecea46d77a7" testName="ParseDelegateTest_OperatorAndAlso" computerName="ZHUCAI-PC" duration="00:00:00.0030017" startTime="2009-06-09T23:54:49.9863281+08:00" endTime="2009-06-09T23:54:49.9980468+08:00" testType="13cdc9d9-ddb5-4fa4-a97d-d965ccfc6d4b" outcome="Passed" testListId="8c84fa94-04c1-424b-9868-57a2d4851a1d">
      <Output>
      </Output>
    </UnitTestResult>
    <UnitTestResult executionId="9c0127c1-8d2f-4eb2-bbb9-b1e99b2396e5" testId="aea69126-3692-e43c-7a1e-75e2a7d9d34d" testName="ParseDelegateTest_OperatorBitShift" computerName="ZHUCAI-PC" duration="00:00:00.0015742" startTime="2009-06-09T23:54:50.0029296+08:00" endTime="2009-06-09T23:54:50.0136718+08:00" testType="13cdc9d9-ddb5-4fa4-a97d-d965ccfc6d4b" outcome="Passed" testListId="8c84fa94-04c1-424b-9868-57a2d4851a1d">
      <Output>
      </Output>
    </UnitTestResult>
    <UnitTestResult executionId="1931c8c0-c655-4915-a732-78f5fd59f1cf" testId="b0467d72-b2a9-e7e8-00f1-a9d18d735f39" testName="ParseDelegateTest_OperatorNotEqual" computerName="ZHUCAI-PC" duration="00:00:00.0017002" startTime="2009-06-09T23:54:50.0185546+08:00" endTime="2009-06-09T23:54:50.0292968+08:00" testType="13cdc9d9-ddb5-4fa4-a97d-d965ccfc6d4b" outcome="Passed" testListId="8c84fa94-04c1-424b-9868-57a2d4851a1d">
      <Output>
      </Output>
    </UnitTestResult>
    <UnitTestResult executionId="6039ac9a-c119-4906-bc51-69c6dc8b1d97" testId="b4bbdcb0-6a72-e740-ffa3-91840ccdac33" testName="ParseDelegateTest_OperatorExclusiveOr" computerName="ZHUCAI-PC" duration="00:00:00.0010051" startTime="2009-06-09T23:54:50.0341796+08:00" endTime="2009-06-09T23:54:50.0439453+08:00" testType="13cdc9d9-ddb5-4fa4-a97d-d965ccfc6d4b" outcome="Passed" testListId="8c84fa94-04c1-424b-9868-57a2d4851a1d">
      <Output>
      </Output>
    </UnitTestResult>
    <UnitTestResult executionId="2d0c348b-f850-403f-97ef-4b0437cb9214" testId="cad1037b-f902-1930-4b48-53d05d6e87ca" testName="ParseDelegateTest_OperatorLessThan" computerName="ZHUCAI-PC" duration="00:00:00.0017384" startTime="2009-06-09T23:54:50.0498046+08:00" endTime="2009-06-09T23:54:50.0605468+08:00" testType="13cdc9d9-ddb5-4fa4-a97d-d965ccfc6d4b" outcome="Passed" testListId="8c84fa94-04c1-424b-9868-57a2d4851a1d">
      <Output>
      </Output>
    </UnitTestResult>
    <UnitTestResult executionId="9af0edf9-1e26-49f7-b2e9-18ba1fed3acb" testId="d1ee7b37-6a35-14f2-f301-09c982e7f5e1" testName="ParseDelegateTest_OperatorEqual" computerName="ZHUCAI-PC" duration="00:00:00.0014940" startTime="2009-06-09T23:54:50.0742187+08:00" endTime="2009-06-09T23:54:50.0898437+08:00" testType="13cdc9d9-ddb5-4fa4-a97d-d965ccfc6d4b" outcome="Passed" testListId="8c84fa94-04c1-424b-9868-57a2d4851a1d">
      <Output>
      </Output>
    </UnitTestResult>
    <UnitTestResult executionId="72c0ef20-07ed-4040-a7ab-a2601edc3b43" testId="e3328cb3-bd63-584c-733c-d137e34b0443" testName="ParseDelegateTest_OperatorOr" computerName="ZHUCAI-PC" duration="00:00:00.0008643" startTime="2009-06-09T23:54:50.0947265+08:00" endTime="2009-06-09T23:54:50.1044921+08:00" testType="13cdc9d9-ddb5-4fa4-a97d-d965ccfc6d4b" outcome="Passed" testListId="8c84fa94-04c1-424b-9868-57a2d4851a1d">
      <Output>
      </Output>
    </UnitTestResult>
    <UnitTestResult executionId="ea882a73-bd31-46db-8b29-89d40cc1679a" testId="e40092ec-1666-5813-1465-57ded5ae5d9f" testName="ParseDelegateTest_Other" computerName="ZHUCAI-PC" duration="00:00:00.0092296" startTime="2009-06-09T23:54:50.1083984+08:00" endTime="2009-06-09T23:54:50.1298828+08:00" testType="13cdc9d9-ddb5-4fa4-a97d-d965ccfc6d4b" outcome="Passed" testListId="8c84fa94-04c1-424b-9868-57a2d4851a1d">
      <Output>
      </Output>
    </UnitTestResult>
    <UnitTestResult executionId="aacaf5bf-b29a-4590-ac4b-587cb2e05fb5" testId="e762edc2-dc2b-69f8-71d2-ea33c13ba839" testName="ParseDelegateTest_OperatorGreaterThan" computerName="ZHUCAI-PC" duration="00:00:00.0020821" startTime="2009-06-09T23:54:50.1347656+08:00" endTime="2009-06-09T23:54:50.1455078+08:00" testType="13cdc9d9-ddb5-4fa4-a97d-d965ccfc6d4b" outcome="Passed" testListId="8c84fa94-04c1-424b-9868-57a2d4851a1d">
      <Output>
      </Output>
    </UnitTestResult>
    <UnitTestResult executionId="e629312a-3222-4c19-82c3-9e0977ce4cef" testId="e9ffd3e1-ec23-d727-ec5a-ccb3cbe5dcd0" testName="ParseDelegateTest_Indexer" computerName="ZHUCAI-PC" duration="00:00:00.0031188" startTime="2009-06-09T23:54:50.1503906+08:00" endTime="2009-06-09T23:54:50.1621093+08:00" testType="13cdc9d9-ddb5-4fa4-a97d-d965ccfc6d4b" outcome="Passed" testListId="8c84fa94-04c1-424b-9868-57a2d4851a1d">
      <Output>
      </Output>
    </UnitTestResult>
    <UnitTestResult executionId="2f78352b-1970-4a9e-9f57-d0e94cd5dea3" testId="fda601cd-c781-f302-edf9-6839ea54e781" testName="ParseDelegateTest_Array2" computerName="ZHUCAI-PC" duration="00:00:00.0012884" startTime="2009-06-09T23:54:50.1669921+08:00" endTime="2009-06-09T23:54:50.1787109+08:00" testType="13cdc9d9-ddb5-4fa4-a97d-d965ccfc6d4b" outcome="Passed" testListId="8c84fa94-04c1-424b-9868-57a2d4851a1d">
      <Output>
      </Output>
    </UnitTestResult>
  </Results>
</TestRun>