<?xml version="1.0" encoding="UTF-8"?>
<TestRun id="1655fad7-1d62-44cd-b65e-2f7cf841ee0f" name="zhucai@ZHUCAI-PC 2010-01-09 01:18:58" runUser="zhucai-PC\zhucai" xmlns="http://microsoft.com/schemas/VisualStudio/TeamTest/2006">
  <TestRunConfiguration name="Default Run Configuration" id="dfa77505-54f5-41bb-bfc7-45ce30e72c10">
    <Deployment runDeploymentRoot="F:\LambdaParser\TestResults\zhucai_ZHUCAI-PC 2010-01-09 01_18_58">
      <DeploymentItem filename="F:\LambdaParser\Zhucai.LambdaParser\bin\Debug\Zhucai.LambdaParser.dll" />
    </Deployment>
    <Hosts skipUnhostableTests="false" />
    <TestTypeSpecific />
  </TestRunConfiguration>
  <ResultSummary outcome="Completed">
    <Counters total="30" executed="30" passed="30" error="0" failed="0" timeout="0" aborted="0" inconclusive="0" passedButRunAborted="0" notRunnable="0" notExecuted="0" disconnected="0" warning="0" completed="0" inProgress="0" pending="0" />
  </ResultSummary>
  <Times creation="2010-01-09T01:18:58.5693359+08:00" queuing="2010-01-09T01:19:11.0537109+08:00" start="2010-01-09T01:19:12.0380859+08:00" finish="2010-01-09T01:19:15.5068359+08:00" />
  <TestDefinitions>
    <UnitTest name="ParseDelegateTest_OperatorAndAlso" storage="f:\lambdaparser\test_zhucai.lambdaparser\bin\debug\test_zhucai.lambdaparser.dll" id="a4521ecc-80f1-7e9f-fc94-9ecea46d77a7">
      <Css projectStructure="" iteration="" />
      <Owners>
        <Owner name="" />
      </Owners>
      <Execution id="2061dc2a-7697-44c0-b080-515eb49fe0b1" />
      <TestMethod codeBase="F:\LambdaParser\Test_Zhucai.LambdaParser\bin\Debug\Test_Zhucai.LambdaParser.dll" adapterTypeName="Microsoft.VisualStudio.TestTools.TestTypes.Unit.UnitTestAdapter, Microsoft.VisualStudio.QualityTools.Tips.UnitTest.Adapter, Version=9.0.0.0, Culture=neutral, PublicKeyToken=b03f5f7f11d50a3a" className="Test_Zhucai.LambdaParser.ExpressionParserManagerTest, Test_Zhucai.LambdaParser" name="ParseDelegateTest_OperatorAndAlso" />
    </UnitTest>
    <UnitTest name="ParseDelegateTest_Other" storage="f:\lambdaparser\test_zhucai.lambdaparser\bin\debug\test_zhucai.lambdaparser.dll" id="e40092ec-1666-5813-1465-57ded5ae5d9f">
      <Css projectStructure="" iteration="" />
      <Owners>
        <Owner name="" />
      </Owners>
      <Execution id="d28b3aad-c319-46ef-8fad-1fcaadd78d99" />
      <TestMethod codeBase="F:\LambdaParser\Test_Zhucai.LambdaParser\bin\Debug\Test_Zhucai.LambdaParser.dll" adapterTypeName="Microsoft.VisualStudio.TestTools.TestTypes.Unit.UnitTestAdapter, Microsoft.VisualStudio.QualityTools.Tips.UnitTest.Adapter, Version=9.0.0.0, Culture=neutral, PublicKeyToken=b03f5f7f11d50a3a" className="Test_Zhucai.LambdaParser.ExpressionParserManagerTest, Test_Zhucai.LambdaParser" name="ParseDelegateTest_Other" />
    </UnitTest>
    <UnitTest name="ParseDelegateTest_OperatorAnd" storage="f:\lambdaparser\test_zhucai.lambdaparser\bin\debug\test_zhucai.lambdaparser.dll" id="35601cf4-55e9-2a46-2798-7e5080b71c58">
      <Css projectStructure="" iteration="" />
      <Owners>
        <Owner name="" />
      </Owners>
      <Execution id="70efc409-17b9-4f8a-ac3a-13e0cbad2687" />
      <TestMethod codeBase="F:\LambdaParser\Test_Zhucai.LambdaParser\bin\Debug\Test_Zhucai.LambdaParser.dll" adapterTypeName="Microsoft.VisualStudio.TestTools.TestTypes.Unit.UnitTestAdapter, Microsoft.VisualStudio.QualityTools.Tips.UnitTest.Adapter, Version=9.0.0.0, Culture=neutral, PublicKeyToken=b03f5f7f11d50a3a" className="Test_Zhucai.LambdaParser.ExpressionParserManagerTest, Test_Zhucai.LambdaParser" name="ParseDelegateTest_OperatorAnd" />
    </UnitTest>
    <UnitTest name="ParseDelegateTest_ArrayMultiRank" storage="f:\lambdaparser\test_zhucai.lambdaparser\bin\debug\test_zhucai.lambdaparser.dll" id="14b83ec5-07cb-94f3-73d8-1f5301331fcd">
      <Css projectStructure="" iteration="" />
      <Owners>
        <Owner name="" />
      </Owners>
      <Execution id="ca9309d8-d351-4825-9ed0-64b0ca004fb4" />
      <TestMethod codeBase="F:\LambdaParser\Test_Zhucai.LambdaParser\bin\Debug\Test_Zhucai.LambdaParser.dll" adapterTypeName="Microsoft.VisualStudio.TestTools.TestTypes.Unit.UnitTestAdapter, Microsoft.VisualStudio.QualityTools.Tips.UnitTest.Adapter, Version=9.0.0.0, Culture=neutral, PublicKeyToken=b03f5f7f11d50a3a" className="Test_Zhucai.LambdaParser.ExpressionParserManagerTest, Test_Zhucai.LambdaParser" name="ParseDelegateTest_ArrayMultiRank" />
    </UnitTest>
    <UnitTest name="ParseDelegateTest_StringAdd" storage="f:\lambdaparser\test_zhucai.lambdaparser\bin\debug\test_zhucai.lambdaparser.dll" id="1983b5cb-f456-910d-196f-ae3c375de9fa">
      <Css projectStructure="" iteration="" />
      <Owners>
        <Owner name="" />
      </Owners>
      <Execution id="b031f6b7-66a6-48ab-bdee-ecd825887668" />
      <TestMethod codeBase="F:\LambdaParser\Test_Zhucai.LambdaParser\bin\Debug\Test_Zhucai.LambdaParser.dll" adapterTypeName="Microsoft.VisualStudio.TestTools.TestTypes.Unit.UnitTestAdapter, Microsoft.VisualStudio.QualityTools.Tips.UnitTest.Adapter, Version=9.0.0.0, Culture=neutral, PublicKeyToken=b03f5f7f11d50a3a" className="Test_Zhucai.LambdaParser.ExpressionParserManagerTest, Test_Zhucai.LambdaParser" name="ParseDelegateTest_StringAdd" />
    </UnitTest>
    <UnitTest name="ParseDelegateTest_OperatorIs" storage="f:\lambdaparser\test_zhucai.lambdaparser\bin\debug\test_zhucai.lambdaparser.dll" id="614ba8e4-bac9-1a5b-5428-4afb5dc1277b">
      <Css projectStructure="" iteration="" />
      <Owners>
        <Owner name="" />
      </Owners>
      <Execution id="f20814e9-5607-4d1b-a602-f7dd79a75467" />
      <TestMethod codeBase="F:\LambdaParser\Test_Zhucai.LambdaParser\bin\Debug\Test_Zhucai.LambdaParser.dll" adapterTypeName="Microsoft.VisualStudio.TestTools.TestTypes.Unit.UnitTestAdapter, Microsoft.VisualStudio.QualityTools.Tips.UnitTest.Adapter, Version=9.0.0.0, Culture=neutral, PublicKeyToken=b03f5f7f11d50a3a" className="Test_Zhucai.LambdaParser.ExpressionParserManagerTest, Test_Zhucai.LambdaParser" name="ParseDelegateTest_OperatorIs" />
    </UnitTest>
    <UnitTest name="ParseDelegateTest_Array" storage="f:\lambdaparser\test_zhucai.lambdaparser\bin\debug\test_zhucai.lambdaparser.dll" id="8385f542-961c-d8b5-47f8-ecd5bfcb50dd">
      <Css projectStructure="" iteration="" />
      <Owners>
        <Owner name="" />
      </Owners>
      <Execution id="404ab524-948f-4207-b374-695479aa1c51" />
      <TestMethod codeBase="F:\LambdaParser\Test_Zhucai.LambdaParser\bin\Debug\Test_Zhucai.LambdaParser.dll" adapterTypeName="Microsoft.VisualStudio.TestTools.TestTypes.Unit.UnitTestAdapter, Microsoft.VisualStudio.QualityTools.Tips.UnitTest.Adapter, Version=9.0.0.0, Culture=neutral, PublicKeyToken=b03f5f7f11d50a3a" className="Test_Zhucai.LambdaParser.ExpressionParserManagerTest, Test_Zhucai.LambdaParser" name="ParseDelegateTest_Array" />
    </UnitTest>
    <UnitTest name="ParseDelegateTest_OperatorExclusiveOr" storage="f:\lambdaparser\test_zhucai.lambdaparser\bin\debug\test_zhucai.lambdaparser.dll" id="b4bbdcb0-6a72-e740-ffa3-91840ccdac33">
      <Css projectStructure="" iteration="" />
      <Owners>
        <Owner name="" />
      </Owners>
      <Execution id="ae5f662c-190b-44e3-b9ea-a64a9c7c1bec" />
      <TestMethod codeBase="F:\LambdaParser\Test_Zhucai.LambdaParser\bin\Debug\Test_Zhucai.LambdaParser.dll" adapterTypeName="Microsoft.VisualStudio.TestTools.TestTypes.Unit.UnitTestAdapter, Microsoft.VisualStudio.QualityTools.Tips.UnitTest.Adapter, Version=9.0.0.0, Culture=neutral, PublicKeyToken=b03f5f7f11d50a3a" className="Test_Zhucai.LambdaParser.ExpressionParserManagerTest, Test_Zhucai.LambdaParser" name="ParseDelegateTest_OperatorExclusiveOr" />
    </UnitTest>
    <UnitTest name="ParseDelegateTest_OperatorBitShift" storage="f:\lambdaparser\test_zhucai.lambdaparser\bin\debug\test_zhucai.lambdaparser.dll" id="aea69126-3692-e43c-7a1e-75e2a7d9d34d">
      <Css projectStructure="" iteration="" />
      <Owners>
        <Owner name="" />
      </Owners>
      <Execution id="474514d7-a81a-4120-a319-7ecde424cb3e" />
      <TestMethod codeBase="F:\LambdaParser\Test_Zhucai.LambdaParser\bin\Debug\Test_Zhucai.LambdaParser.dll" adapterTypeName="Microsoft.VisualStudio.TestTools.TestTypes.Unit.UnitTestAdapter, Microsoft.VisualStudio.QualityTools.Tips.UnitTest.Adapter, Version=9.0.0.0, Culture=neutral, PublicKeyToken=b03f5f7f11d50a3a" className="Test_Zhucai.LambdaParser.ExpressionParserManagerTest, Test_Zhucai.LambdaParser" name="ParseDelegateTest_OperatorBitShift" />
    </UnitTest>
    <UnitTest name="ParseDelegateTest_OperatorNotEqual" storage="f:\lambdaparser\test_zhucai.lambdaparser\bin\debug\test_zhucai.lambdaparser.dll" id="b0467d72-b2a9-e7e8-00f1-a9d18d735f39">
      <Css projectStructure="" iteration="" />
      <Owners>
        <Owner name="" />
      </Owners>
      <Execution id="03a0f5d0-1ffa-496e-955e-2ddbe9d6fe4f" />
      <TestMethod codeBase="F:\LambdaParser\Test_Zhucai.LambdaParser\bin\Debug\Test_Zhucai.LambdaParser.dll" adapterTypeName="Microsoft.VisualStudio.TestTools.TestTypes.Unit.UnitTestAdapter, Microsoft.VisualStudio.QualityTools.Tips.UnitTest.Adapter, Version=9.0.0.0, Culture=neutral, PublicKeyToken=b03f5f7f11d50a3a" className="Test_Zhucai.LambdaParser.ExpressionParserManagerTest, Test_Zhucai.LambdaParser" name="ParseDelegateTest_OperatorNotEqual" />
    </UnitTest>
    <UnitTest name="ParseDelegateTest_Indexer" storage="f:\lambdaparser\test_zhucai.lambdaparser\bin\debug\test_zhucai.lambdaparser.dll" id="e9ffd3e1-ec23-d727-ec5a-ccb3cbe5dcd0">
      <Css projectStructure="" iteration="" />
      <Owners>
        <Owner name="" />
      </Owners>
      <Execution id="cc83a8aa-197b-47fe-b1c7-80060cd3153a" />
      <TestMethod codeBase="F:\LambdaParser\Test_Zhucai.LambdaParser\bin\Debug\Test_Zhucai.LambdaParser.dll" adapterTypeName="Microsoft.VisualStudio.TestTools.TestTypes.Unit.UnitTestAdapter, Microsoft.VisualStudio.QualityTools.Tips.UnitTest.Adapter, Version=9.0.0.0, Culture=neutral, PublicKeyToken=b03f5f7f11d50a3a" className="Test_Zhucai.LambdaParser.ExpressionParserManagerTest, Test_Zhucai.LambdaParser" name="ParseDelegateTest_Indexer" />
    </UnitTest>
    <UnitTest name="ParseDelegateTest_OperatorAs" storage="f:\lambdaparser\test_zhucai.lambdaparser\bin\debug\test_zhucai.lambdaparser.dll" id="83e406f7-7434-0ccc-3606-9d259c97a0d2">
      <Css projectStructure="" iteration="" />
      <Owners>
        <Owner name="" />
      </Owners>
      <Execution id="9031d20f-fa4e-4a77-b403-c018d9d38e97" />
      <TestMethod codeBase="F:\LambdaParser\Test_Zhucai.LambdaParser\bin\Debug\Test_Zhucai.LambdaParser.dll" adapterTypeName="Microsoft.VisualStudio.TestTools.TestTypes.Unit.UnitTestAdapter, Microsoft.VisualStudio.QualityTools.Tips.UnitTest.Adapter, Version=9.0.0.0, Culture=neutral, PublicKeyToken=b03f5f7f11d50a3a" className="Test_Zhucai.LambdaParser.ExpressionParserManagerTest, Test_Zhucai.LambdaParser" name="ParseDelegateTest_OperatorAs" />
    </UnitTest>
    <UnitTest name="ParseDelegateTest_OperatorConvert" storage="f:\lambdaparser\test_zhucai.lambdaparser\bin\debug\test_zhucai.lambdaparser.dll" id="5c2a880b-06e3-2fbe-9321-9868fe84f583">
      <Css projectStructure="" iteration="" />
      <Owners>
        <Owner name="" />
      </Owners>
      <Execution id="180bb06d-330e-42e0-b30f-c76dfb258ac8" />
      <TestMethod codeBase="F:\LambdaParser\Test_Zhucai.LambdaParser\bin\Debug\Test_Zhucai.LambdaParser.dll" adapterTypeName="Microsoft.VisualStudio.TestTools.TestTypes.Unit.UnitTestAdapter, Microsoft.VisualStudio.QualityTools.Tips.UnitTest.Adapter, Version=9.0.0.0, Culture=neutral, PublicKeyToken=b03f5f7f11d50a3a" className="Test_Zhucai.LambdaParser.ExpressionParserManagerTest, Test_Zhucai.LambdaParser" name="ParseDelegateTest_OperatorConvert" />
    </UnitTest>
    <UnitTest name="ParseDelegateTest_Member_Method_Ctor" storage="f:\lambdaparser\test_zhucai.lambdaparser\bin\debug\test_zhucai.lambdaparser.dll" id="098a0fcd-c943-55ef-c311-b1cb3c6728f1">
      <Css projectStructure="" iteration="" />
      <Owners>
        <Owner name="" />
      </Owners>
      <Execution id="1932793b-6e22-46af-bfc9-d691fce670a1" />
      <TestMethod codeBase="F:\LambdaParser\Test_Zhucai.LambdaParser\bin\Debug\Test_Zhucai.LambdaParser.dll" adapterTypeName="Microsoft.VisualStudio.TestTools.TestTypes.Unit.UnitTestAdapter, Microsoft.VisualStudio.QualityTools.Tips.UnitTest.Adapter, Version=9.0.0.0, Culture=neutral, PublicKeyToken=b03f5f7f11d50a3a" className="Test_Zhucai.LambdaParser.ExpressionParserManagerTest, Test_Zhucai.LambdaParser" name="ParseDelegateTest_Member_Method_Ctor" />
    </UnitTest>
    <UnitTest name="ParseDelegateTest_OperatorCondition" storage="f:\lambdaparser\test_zhucai.lambdaparser\bin\debug\test_zhucai.lambdaparser.dll" id="96d5f01a-6513-53d7-bf45-b619016524a9">
      <Css projectStructure="" iteration="" />
      <Owners>
        <Owner name="" />
      </Owners>
      <Execution id="59a02d34-0c22-49e6-8e61-1a01ece233d8" />
      <TestMethod codeBase="F:\LambdaParser\Test_Zhucai.LambdaParser\bin\Debug\Test_Zhucai.LambdaParser.dll" adapterTypeName="Microsoft.VisualStudio.TestTools.TestTypes.Unit.UnitTestAdapter, Microsoft.VisualStudio.QualityTools.Tips.UnitTest.Adapter, Version=9.0.0.0, Culture=neutral, PublicKeyToken=b03f5f7f11d50a3a" className="Test_Zhucai.LambdaParser.ExpressionParserManagerTest, Test_Zhucai.LambdaParser" name="ParseDelegateTest_OperatorCondition" />
    </UnitTest>
    <UnitTest name="ParseDelegateTest_OperatorGreaterThan" storage="f:\lambdaparser\test_zhucai.lambdaparser\bin\debug\test_zhucai.lambdaparser.dll" id="e762edc2-dc2b-69f8-71d2-ea33c13ba839">
      <Css projectStructure="" iteration="" />
      <Owners>
        <Owner name="" />
      </Owners>
      <Execution id="3c95ade0-05f5-43e1-b8fb-81dada0d5323" />
      <TestMethod codeBase="F:\LambdaParser\Test_Zhucai.LambdaParser\bin\Debug\Test_Zhucai.LambdaParser.dll" adapterTypeName="Microsoft.VisualStudio.TestTools.TestTypes.Unit.UnitTestAdapter, Microsoft.VisualStudio.QualityTools.Tips.UnitTest.Adapter, Version=9.0.0.0, Culture=neutral, PublicKeyToken=b03f5f7f11d50a3a" className="Test_Zhucai.LambdaParser.ExpressionParserManagerTest, Test_Zhucai.LambdaParser" name="ParseDelegateTest_OperatorGreaterThan" />
    </UnitTest>
    <UnitTest name="ParseDelegateTest_OperatorBitNot" storage="f:\lambdaparser\test_zhucai.lambdaparser\bin\debug\test_zhucai.lambdaparser.dll" id="044e6252-efff-d73f-222f-588af7ab9726">
      <Css projectStructure="" iteration="" />
      <Owners>
        <Owner name="" />
      </Owners>
      <Execution id="029fbfef-02b1-473c-9425-03ff14b4c62c" />
      <TestMethod codeBase="F:\LambdaParser\Test_Zhucai.LambdaParser\bin\Debug\Test_Zhucai.LambdaParser.dll" adapterTypeName="Microsoft.VisualStudio.TestTools.TestTypes.Unit.UnitTestAdapter, Microsoft.VisualStudio.QualityTools.Tips.UnitTest.Adapter, Version=9.0.0.0, Culture=neutral, PublicKeyToken=b03f5f7f11d50a3a" className="Test_Zhucai.LambdaParser.ExpressionParserManagerTest, Test_Zhucai.LambdaParser" name="ParseDelegateTest_OperatorBitNot" />
    </UnitTest>
    <UnitTest name="ParseDelegateTest_OperatorOr" storage="f:\lambdaparser\test_zhucai.lambdaparser\bin\debug\test_zhucai.lambdaparser.dll" id="e3328cb3-bd63-584c-733c-d137e34b0443">
      <Css projectStructure="" iteration="" />
      <Owners>
        <Owner name="" />
      </Owners>
      <Execution id="940318a6-50c6-409e-a522-3bd90f25cc17" />
      <TestMethod codeBase="F:\LambdaParser\Test_Zhucai.LambdaParser\bin\Debug\Test_Zhucai.LambdaParser.dll" adapterTypeName="Microsoft.VisualStudio.TestTools.TestTypes.Unit.UnitTestAdapter, Microsoft.VisualStudio.QualityTools.Tips.UnitTest.Adapter, Version=9.0.0.0, Culture=neutral, PublicKeyToken=b03f5f7f11d50a3a" className="Test_Zhucai.LambdaParser.ExpressionParserManagerTest, Test_Zhucai.LambdaParser" name="ParseDelegateTest_OperatorOr" />
    </UnitTest>
    <UnitTest name="ParseDelegateTest_OperatorEqual" storage="f:\lambdaparser\test_zhucai.lambdaparser\bin\debug\test_zhucai.lambdaparser.dll" id="d1ee7b37-6a35-14f2-f301-09c982e7f5e1">
      <Css projectStructure="" iteration="" />
      <Owners>
        <Owner name="" />
      </Owners>
      <Execution id="21b7b30f-725a-4a08-8699-eb5b0d4ac032" />
      <TestMethod codeBase="F:\LambdaParser\Test_Zhucai.LambdaParser\bin\Debug\Test_Zhucai.LambdaParser.dll" adapterTypeName="Microsoft.VisualStudio.TestTools.TestTypes.Unit.UnitTestAdapter, Microsoft.VisualStudio.QualityTools.Tips.UnitTest.Adapter, Version=9.0.0.0, Culture=neutral, PublicKeyToken=b03f5f7f11d50a3a" className="Test_Zhucai.LambdaParser.ExpressionParserManagerTest, Test_Zhucai.LambdaParser" name="ParseDelegateTest_OperatorEqual" />
    </UnitTest>
    <UnitTest name="ParseDelegateTest_Number" storage="f:\lambdaparser\test_zhucai.lambdaparser\bin\debug\test_zhucai.lambdaparser.dll" id="12637310-9cd5-b9b6-3554-9d2c83e725f2">
      <Css projectStructure="" iteration="" />
      <Owners>
        <Owner name="" />
      </Owners>
      <Execution id="35703eca-f852-4570-a73f-ecd39853edc4" />
      <TestMethod codeBase="F:\LambdaParser\Test_Zhucai.LambdaParser\bin\Debug\Test_Zhucai.LambdaParser.dll" adapterTypeName="Microsoft.VisualStudio.TestTools.TestTypes.Unit.UnitTestAdapter, Microsoft.VisualStudio.QualityTools.Tips.UnitTest.Adapter, Version=9.0.0.0, Culture=neutral, PublicKeyToken=b03f5f7f11d50a3a" className="Test_Zhucai.LambdaParser.ExpressionParserManagerTest, Test_Zhucai.LambdaParser" name="ParseDelegateTest_Number" />
    </UnitTest>
    <UnitTest name="ParseDelegateTest_MemberInit" storage="f:\lambdaparser\test_zhucai.lambdaparser\bin\debug\test_zhucai.lambdaparser.dll" id="7986bd40-4d1d-4a90-3b50-1f728ff8bdf4">
      <Css projectStructure="" iteration="" />
      <Owners>
        <Owner name="" />
      </Owners>
      <Execution id="5180f13c-196f-42e7-b3e0-ea711d00fe5a" />
      <TestMethod codeBase="F:\LambdaParser\Test_Zhucai.LambdaParser\bin\Debug\Test_Zhucai.LambdaParser.dll" adapterTypeName="Microsoft.VisualStudio.TestTools.TestTypes.Unit.UnitTestAdapter, Microsoft.VisualStudio.QualityTools.Tips.UnitTest.Adapter, Version=9.0.0.0, Culture=neutral, PublicKeyToken=b03f5f7f11d50a3a" className="Test_Zhucai.LambdaParser.ExpressionParserManagerTest, Test_Zhucai.LambdaParser" name="ParseDelegateTest_MemberInit" />
    </UnitTest>
    <UnitTest name="ParseDelegateTest_OperatorDoubleQuestionMark" storage="f:\lambdaparser\test_zhucai.lambdaparser\bin\debug\test_zhucai.lambdaparser.dll" id="9c025804-cfe7-d29f-724f-882b3c9703ad">
      <Css projectStructure="" iteration="" />
      <Owners>
        <Owner name="" />
      </Owners>
      <Execution id="39241b48-75e1-48a7-9f1a-b699b2aa0111" />
      <TestMethod codeBase="F:\LambdaParser\Test_Zhucai.LambdaParser\bin\Debug\Test_Zhucai.LambdaParser.dll" adapterTypeName="Microsoft.VisualStudio.TestTools.TestTypes.Unit.UnitTestAdapter, Microsoft.VisualStudio.QualityTools.Tips.UnitTest.Adapter, Version=9.0.0.0, Culture=neutral, PublicKeyToken=b03f5f7f11d50a3a" className="Test_Zhucai.LambdaParser.ExpressionParserManagerTest, Test_Zhucai.LambdaParser" name="ParseDelegateTest_OperatorDoubleQuestionMark" />
    </UnitTest>
    <UnitTest name="ParseDelegateTest_OperatorOrElse" storage="f:\lambdaparser\test_zhucai.lambdaparser\bin\debug\test_zhucai.lambdaparser.dll" id="8650c452-efbb-fde1-adb2-75d33c84f6e0">
      <Css projectStructure="" iteration="" />
      <Owners>
        <Owner name="" />
      </Owners>
      <Execution id="e2f7ee5a-03c2-4931-b77b-5823243d9462" />
      <TestMethod codeBase="F:\LambdaParser\Test_Zhucai.LambdaParser\bin\Debug\Test_Zhucai.LambdaParser.dll" adapterTypeName="Microsoft.VisualStudio.TestTools.TestTypes.Unit.UnitTestAdapter, Microsoft.VisualStudio.QualityTools.Tips.UnitTest.Adapter, Version=9.0.0.0, Culture=neutral, PublicKeyToken=b03f5f7f11d50a3a" className="Test_Zhucai.LambdaParser.ExpressionParserManagerTest, Test_Zhucai.LambdaParser" name="ParseDelegateTest_OperatorOrElse" />
    </UnitTest>
    <UnitTest name="ParseDelegateTest_OperatorLessThan" storage="f:\lambdaparser\test_zhucai.lambdaparser\bin\debug\test_zhucai.lambdaparser.dll" id="cad1037b-f902-1930-4b48-53d05d6e87ca">
      <Css projectStructure="" iteration="" />
      <Owners>
        <Owner name="" />
      </Owners>
      <Execution id="4bd99737-514e-47c2-9fd6-36638e3d35ee" />
      <TestMethod codeBase="F:\LambdaParser\Test_Zhucai.LambdaParser\bin\Debug\Test_Zhucai.LambdaParser.dll" adapterTypeName="Microsoft.VisualStudio.TestTools.TestTypes.Unit.UnitTestAdapter, Microsoft.VisualStudio.QualityTools.Tips.UnitTest.Adapter, Version=9.0.0.0, Culture=neutral, PublicKeyToken=b03f5f7f11d50a3a" className="Test_Zhucai.LambdaParser.ExpressionParserManagerTest, Test_Zhucai.LambdaParser" name="ParseDelegateTest_OperatorLessThan" />
    </UnitTest>
    <UnitTest name="ParseDelegateTest_OperatorLessThanOrEqual" storage="f:\lambdaparser\test_zhucai.lambdaparser\bin\debug\test_zhucai.lambdaparser.dll" id="57d0350f-0a28-e38d-fcf7-50849bb52c13">
      <Css projectStructure="" iteration="" />
      <Owners>
        <Owner name="" />
      </Owners>
      <Execution id="b4c20744-f084-4b3c-af87-13c337c0d1d2" />
      <TestMethod codeBase="F:\LambdaParser\Test_Zhucai.LambdaParser\bin\Debug\Test_Zhucai.LambdaParser.dll" adapterTypeName="Microsoft.VisualStudio.TestTools.TestTypes.Unit.UnitTestAdapter, Microsoft.VisualStudio.QualityTools.Tips.UnitTest.Adapter, Version=9.0.0.0, Culture=neutral, PublicKeyToken=b03f5f7f11d50a3a" className="Test_Zhucai.LambdaParser.ExpressionParserManagerTest, Test_Zhucai.LambdaParser" name="ParseDelegateTest_OperatorLessThanOrEqual" />
    </UnitTest>
    <UnitTest name="ParseDelegateTest_Array2" storage="f:\lambdaparser\test_zhucai.lambdaparser\bin\debug\test_zhucai.lambdaparser.dll" id="fda601cd-c781-f302-edf9-6839ea54e781">
      <Css projectStructure="" iteration="" />
      <Owners>
        <Owner name="" />
      </Owners>
      <Execution id="09ec786b-0681-45bf-84b3-02e6c62046ed" />
      <TestMethod codeBase="F:\LambdaParser\Test_Zhucai.LambdaParser\bin\Debug\Test_Zhucai.LambdaParser.dll" adapterTypeName="Microsoft.VisualStudio.TestTools.TestTypes.Unit.UnitTestAdapter, Microsoft.VisualStudio.QualityTools.Tips.UnitTest.Adapter, Version=9.0.0.0, Culture=neutral, PublicKeyToken=b03f5f7f11d50a3a" className="Test_Zhucai.LambdaParser.ExpressionParserManagerTest, Test_Zhucai.LambdaParser" name="ParseDelegateTest_Array2" />
    </UnitTest>
    <UnitTest name="ParseDelegateTest_OperatorNot" storage="f:\lambdaparser\test_zhucai.lambdaparser\bin\debug\test_zhucai.lambdaparser.dll" id="5cf4a8cb-3002-5a98-0436-41631b1cc8b0">
      <Css projectStructure="" iteration="" />
      <Owners>
        <Owner name="" />
      </Owners>
      <Execution id="c8be830d-e55f-43dd-ae08-c51135d9890b" />
      <TestMethod codeBase="F:\LambdaParser\Test_Zhucai.LambdaParser\bin\Debug\Test_Zhucai.LambdaParser.dll" adapterTypeName="Microsoft.VisualStudio.TestTools.TestTypes.Unit.UnitTestAdapter, Microsoft.VisualStudio.QualityTools.Tips.UnitTest.Adapter, Version=9.0.0.0, Culture=neutral, PublicKeyToken=b03f5f7f11d50a3a" className="Test_Zhucai.LambdaParser.ExpressionParserManagerTest, Test_Zhucai.LambdaParser" name="ParseDelegateTest_OperatorNot" />
    </UnitTest>
    <UnitTest name="ParseDelegateTest_OperatorTypeofSizeof" storage="f:\lambdaparser\test_zhucai.lambdaparser\bin\debug\test_zhucai.lambdaparser.dll" id="5d5553a2-3cc1-7ca3-3487-f4690fb238d4">
      <Css projectStructure="" iteration="" />
      <Owners>
        <Owner name="" />
      </Owners>
      <Execution id="47ab6173-dd7c-48ca-a5ac-05d6f9f07dba" />
      <TestMethod codeBase="F:\LambdaParser\Test_Zhucai.LambdaParser\bin\Debug\Test_Zhucai.LambdaParser.dll" adapterTypeName="Microsoft.VisualStudio.TestTools.TestTypes.Unit.UnitTestAdapter, Microsoft.VisualStudio.QualityTools.Tips.UnitTest.Adapter, Version=9.0.0.0, Culture=neutral, PublicKeyToken=b03f5f7f11d50a3a" className="Test_Zhucai.LambdaParser.ExpressionParserManagerTest, Test_Zhucai.LambdaParser" name="ParseDelegateTest_OperatorTypeofSizeof" />
    </UnitTest>
    <UnitTest name="ParseDelegateTest_MultiLambdaParam" storage="f:\lambdaparser\test_zhucai.lambdaparser\bin\debug\test_zhucai.lambdaparser.dll" id="0053eb09-ae58-2347-f184-d34ae225cd47">
      <Css projectStructure="" iteration="" />
      <Owners>
        <Owner name="" />
      </Owners>
      <Execution id="4c79fc54-eea4-42fe-a22f-2c53e3762708" />
      <TestMethod codeBase="F:\LambdaParser\Test_Zhucai.LambdaParser\bin\Debug\Test_Zhucai.LambdaParser.dll" adapterTypeName="Microsoft.VisualStudio.TestTools.TestTypes.Unit.UnitTestAdapter, Microsoft.VisualStudio.QualityTools.Tips.UnitTest.Adapter, Version=9.0.0.0, Culture=neutral, PublicKeyToken=b03f5f7f11d50a3a" className="Test_Zhucai.LambdaParser.ExpressionParserManagerTest, Test_Zhucai.LambdaParser" name="ParseDelegateTest_MultiLambdaParam" />
    </UnitTest>
    <UnitTest name="ParseDelegateTest_OperatorGreaterThanOrEqual" storage="f:\lambdaparser\test_zhucai.lambdaparser\bin\debug\test_zhucai.lambdaparser.dll" id="477d7851-a215-3b08-f6bd-9ef70408a55b">
      <Css projectStructure="" iteration="" />
      <Owners>
        <Owner name="" />
      </Owners>
      <Execution id="8e6bd711-fb7c-456a-a9fc-b6db123256bb" />
      <TestMethod codeBase="F:\LambdaParser\Test_Zhucai.LambdaParser\bin\Debug\Test_Zhucai.LambdaParser.dll" adapterTypeName="Microsoft.VisualStudio.TestTools.TestTypes.Unit.UnitTestAdapter, Microsoft.VisualStudio.QualityTools.Tips.UnitTest.Adapter, Version=9.0.0.0, Culture=neutral, PublicKeyToken=b03f5f7f11d50a3a" className="Test_Zhucai.LambdaParser.ExpressionParserManagerTest, Test_Zhucai.LambdaParser" name="ParseDelegateTest_OperatorGreaterThanOrEqual" />
    </UnitTest>
  </TestDefinitions>
  <TestLists>
    <TestList name="Results Not in a List" id="8c84fa94-04c1-424b-9868-57a2d4851a1d" />
    <TestList name="All Loaded Results" id="19431567-8539-422a-85d7-44ee4e166bda" />
  </TestLists>
  <TestEntries>
    <TestEntry testId="12637310-9cd5-b9b6-3554-9d2c83e725f2" executionId="35703eca-f852-4570-a73f-ecd39853edc4" testListId="8c84fa94-04c1-424b-9868-57a2d4851a1d" />
    <TestEntry testId="1983b5cb-f456-910d-196f-ae3c375de9fa" executionId="b031f6b7-66a6-48ab-bdee-ecd825887668" testListId="8c84fa94-04c1-424b-9868-57a2d4851a1d" />
    <TestEntry testId="098a0fcd-c943-55ef-c311-b1cb3c6728f1" executionId="1932793b-6e22-46af-bfc9-d691fce670a1" testListId="8c84fa94-04c1-424b-9868-57a2d4851a1d" />
    <TestEntry testId="0053eb09-ae58-2347-f184-d34ae225cd47" executionId="4c79fc54-eea4-42fe-a22f-2c53e3762708" testListId="8c84fa94-04c1-424b-9868-57a2d4851a1d" />
    <TestEntry testId="8385f542-961c-d8b5-47f8-ecd5bfcb50dd" executionId="404ab524-948f-4207-b374-695479aa1c51" testListId="8c84fa94-04c1-424b-9868-57a2d4851a1d" />
    <TestEntry testId="fda601cd-c781-f302-edf9-6839ea54e781" executionId="09ec786b-0681-45bf-84b3-02e6c62046ed" testListId="8c84fa94-04c1-424b-9868-57a2d4851a1d" />
    <TestEntry testId="14b83ec5-07cb-94f3-73d8-1f5301331fcd" executionId="ca9309d8-d351-4825-9ed0-64b0ca004fb4" testListId="8c84fa94-04c1-424b-9868-57a2d4851a1d" />
    <TestEntry testId="e9ffd3e1-ec23-d727-ec5a-ccb3cbe5dcd0" executionId="cc83a8aa-197b-47fe-b1c7-80060cd3153a" testListId="8c84fa94-04c1-424b-9868-57a2d4851a1d" />
    <TestEntry testId="7986bd40-4d1d-4a90-3b50-1f728ff8bdf4" executionId="5180f13c-196f-42e7-b3e0-ea711d00fe5a" testListId="8c84fa94-04c1-424b-9868-57a2d4851a1d" />
    <TestEntry testId="5d5553a2-3cc1-7ca3-3487-f4690fb238d4" executionId="47ab6173-dd7c-48ca-a5ac-05d6f9f07dba" testListId="8c84fa94-04c1-424b-9868-57a2d4851a1d" />
    <TestEntry testId="5cf4a8cb-3002-5a98-0436-41631b1cc8b0" executionId="c8be830d-e55f-43dd-ae08-c51135d9890b" testListId="8c84fa94-04c1-424b-9868-57a2d4851a1d" />
    <TestEntry testId="044e6252-efff-d73f-222f-588af7ab9726" executionId="029fbfef-02b1-473c-9425-03ff14b4c62c" testListId="8c84fa94-04c1-424b-9868-57a2d4851a1d" />
    <TestEntry testId="5c2a880b-06e3-2fbe-9321-9868fe84f583" executionId="180bb06d-330e-42e0-b30f-c76dfb258ac8" testListId="8c84fa94-04c1-424b-9868-57a2d4851a1d" />
    <TestEntry testId="aea69126-3692-e43c-7a1e-75e2a7d9d34d" executionId="474514d7-a81a-4120-a319-7ecde424cb3e" testListId="8c84fa94-04c1-424b-9868-57a2d4851a1d" />
    <TestEntry testId="e762edc2-dc2b-69f8-71d2-ea33c13ba839" executionId="3c95ade0-05f5-43e1-b8fb-81dada0d5323" testListId="8c84fa94-04c1-424b-9868-57a2d4851a1d" />
    <TestEntry testId="cad1037b-f902-1930-4b48-53d05d6e87ca" executionId="4bd99737-514e-47c2-9fd6-36638e3d35ee" testListId="8c84fa94-04c1-424b-9868-57a2d4851a1d" />
    <TestEntry testId="57d0350f-0a28-e38d-fcf7-50849bb52c13" executionId="b4c20744-f084-4b3c-af87-13c337c0d1d2" testListId="8c84fa94-04c1-424b-9868-57a2d4851a1d" />
    <TestEntry testId="477d7851-a215-3b08-f6bd-9ef70408a55b" executionId="8e6bd711-fb7c-456a-a9fc-b6db123256bb" testListId="8c84fa94-04c1-424b-9868-57a2d4851a1d" />
    <TestEntry testId="d1ee7b37-6a35-14f2-f301-09c982e7f5e1" executionId="21b7b30f-725a-4a08-8699-eb5b0d4ac032" testListId="8c84fa94-04c1-424b-9868-57a2d4851a1d" />
    <TestEntry testId="b0467d72-b2a9-e7e8-00f1-a9d18d735f39" executionId="03a0f5d0-1ffa-496e-955e-2ddbe9d6fe4f" testListId="8c84fa94-04c1-424b-9868-57a2d4851a1d" />
    <TestEntry testId="614ba8e4-bac9-1a5b-5428-4afb5dc1277b" executionId="f20814e9-5607-4d1b-a602-f7dd79a75467" testListId="8c84fa94-04c1-424b-9868-57a2d4851a1d" />
    <TestEntry testId="83e406f7-7434-0ccc-3606-9d259c97a0d2" executionId="9031d20f-fa4e-4a77-b403-c018d9d38e97" testListId="8c84fa94-04c1-424b-9868-57a2d4851a1d" />
    <TestEntry testId="b4bbdcb0-6a72-e740-ffa3-91840ccdac33" executionId="ae5f662c-190b-44e3-b9ea-a64a9c7c1bec" testListId="8c84fa94-04c1-424b-9868-57a2d4851a1d" />
    <TestEntry testId="35601cf4-55e9-2a46-2798-7e5080b71c58" executionId="70efc409-17b9-4f8a-ac3a-13e0cbad2687" testListId="8c84fa94-04c1-424b-9868-57a2d4851a1d" />
    <TestEntry testId="e3328cb3-bd63-584c-733c-d137e34b0443" executionId="940318a6-50c6-409e-a522-3bd90f25cc17" testListId="8c84fa94-04c1-424b-9868-57a2d4851a1d" />
    <TestEntry testId="a4521ecc-80f1-7e9f-fc94-9ecea46d77a7" executionId="2061dc2a-7697-44c0-b080-515eb49fe0b1" testListId="8c84fa94-04c1-424b-9868-57a2d4851a1d" />
    <TestEntry testId="8650c452-efbb-fde1-adb2-75d33c84f6e0" executionId="e2f7ee5a-03c2-4931-b77b-5823243d9462" testListId="8c84fa94-04c1-424b-9868-57a2d4851a1d" />
    <TestEntry testId="96d5f01a-6513-53d7-bf45-b619016524a9" executionId="59a02d34-0c22-49e6-8e61-1a01ece233d8" testListId="8c84fa94-04c1-424b-9868-57a2d4851a1d" />
    <TestEntry testId="9c025804-cfe7-d29f-724f-882b3c9703ad" executionId="39241b48-75e1-48a7-9f1a-b699b2aa0111" testListId="8c84fa94-04c1-424b-9868-57a2d4851a1d" />
    <TestEntry testId="e40092ec-1666-5813-1465-57ded5ae5d9f" executionId="d28b3aad-c319-46ef-8fad-1fcaadd78d99" testListId="8c84fa94-04c1-424b-9868-57a2d4851a1d" />
  </TestEntries>
  <Results>
    <UnitTestResult executionId="35703eca-f852-4570-a73f-ecd39853edc4" testId="12637310-9cd5-b9b6-3554-9d2c83e725f2" testName="ParseDelegateTest_Number" computerName="ZHUCAI-PC" duration="00:00:01.0069603" startTime="2010-01-09T01:19:12.2568359+08:00" endTime="2010-01-09T01:19:14.3037109+08:00" testType="13cdc9d9-ddb5-4fa4-a97d-d965ccfc6d4b" outcome="Passed" testListId="8c84fa94-04c1-424b-9868-57a2d4851a1d">
      <Output>
      </Output>
    </UnitTestResult>
    <UnitTestResult executionId="b031f6b7-66a6-48ab-bdee-ecd825887668" testId="1983b5cb-f456-910d-196f-ae3c375de9fa" testName="ParseDelegateTest_StringAdd" computerName="ZHUCAI-PC" duration="00:00:00.0081652" startTime="2010-01-09T01:19:14.3193359+08:00" endTime="2010-01-09T01:19:14.3349609+08:00" testType="13cdc9d9-ddb5-4fa4-a97d-d965ccfc6d4b" outcome="Passed" testListId="8c84fa94-04c1-424b-9868-57a2d4851a1d">
      <Output>
      </Output>
    </UnitTestResult>
    <UnitTestResult executionId="1932793b-6e22-46af-bfc9-d691fce670a1" testId="098a0fcd-c943-55ef-c311-b1cb3c6728f1" testName="ParseDelegateTest_Member_Method_Ctor" computerName="ZHUCAI-PC" duration="00:00:00.0140028" startTime="2010-01-09T01:19:14.3505859+08:00" endTime="2010-01-09T01:19:14.3662109+08:00" testType="13cdc9d9-ddb5-4fa4-a97d-d965ccfc6d4b" outcome="Passed" testListId="8c84fa94-04c1-424b-9868-57a2d4851a1d">
      <Output>
      </Output>
    </UnitTestResult>
    <UnitTestResult executionId="4c79fc54-eea4-42fe-a22f-2c53e3762708" testId="0053eb09-ae58-2347-f184-d34ae225cd47" testName="ParseDelegateTest_MultiLambdaParam" computerName="ZHUCAI-PC" duration="00:00:00.0374536" startTime="2010-01-09T01:19:14.3818359+08:00" endTime="2010-01-09T01:19:14.4287109+08:00" testType="13cdc9d9-ddb5-4fa4-a97d-d965ccfc6d4b" outcome="Passed" testListId="8c84fa94-04c1-424b-9868-57a2d4851a1d">
      <Output>
      </Output>
    </UnitTestResult>
    <UnitTestResult executionId="404ab524-948f-4207-b374-695479aa1c51" testId="8385f542-961c-d8b5-47f8-ecd5bfcb50dd" testName="ParseDelegateTest_Array" computerName="ZHUCAI-PC" duration="00:00:00.0383177" startTime="2010-01-09T01:19:14.4287109+08:00" endTime="2010-01-09T01:19:14.4755859+08:00" testType="13cdc9d9-ddb5-4fa4-a97d-d965ccfc6d4b" outcome="Passed" testListId="8c84fa94-04c1-424b-9868-57a2d4851a1d">
      <Output>
      </Output>
    </UnitTestResult>
    <UnitTestResult executionId="09ec786b-0681-45bf-84b3-02e6c62046ed" testId="fda601cd-c781-f302-edf9-6839ea54e781" testName="ParseDelegateTest_Array2" computerName="ZHUCAI-PC" duration="00:00:00.0014032" startTime="2010-01-09T01:19:14.4912109+08:00" endTime="2010-01-09T01:19:14.5068359+08:00" testType="13cdc9d9-ddb5-4fa4-a97d-d965ccfc6d4b" outcome="Passed" testListId="8c84fa94-04c1-424b-9868-57a2d4851a1d">
      <Output>
      </Output>
    </UnitTestResult>
    <UnitTestResult executionId="ca9309d8-d351-4825-9ed0-64b0ca004fb4" testId="14b83ec5-07cb-94f3-73d8-1f5301331fcd" testName="ParseDelegateTest_ArrayMultiRank" computerName="ZHUCAI-PC" duration="00:00:00.0014127" startTime="2010-01-09T01:19:14.5068359+08:00" endTime="2010-01-09T01:19:14.5224609+08:00" testType="13cdc9d9-ddb5-4fa4-a97d-d965ccfc6d4b" outcome="Passed" testListId="8c84fa94-04c1-424b-9868-57a2d4851a1d">
      <Output>
      </Output>
    </UnitTestResult>
    <UnitTestResult executionId="cc83a8aa-197b-47fe-b1c7-80060cd3153a" testId="e9ffd3e1-ec23-d727-ec5a-ccb3cbe5dcd0" testName="ParseDelegateTest_Indexer" computerName="ZHUCAI-PC" duration="00:00:00.0032356" startTime="2010-01-09T01:19:14.5693359+08:00" endTime="2010-01-09T01:19:14.5849609+08:00" testType="13cdc9d9-ddb5-4fa4-a97d-d965ccfc6d4b" outcome="Passed" testListId="8c84fa94-04c1-424b-9868-57a2d4851a1d">
      <Output>
      </Output>
    </UnitTestResult>
    <UnitTestResult executionId="5180f13c-196f-42e7-b3e0-ea711d00fe5a" testId="7986bd40-4d1d-4a90-3b50-1f728ff8bdf4" testName="ParseDelegateTest_MemberInit" computerName="ZHUCAI-PC" duration="00:00:00.0022502" startTime="2010-01-09T01:19:14.6005859+08:00" endTime="2010-01-09T01:19:14.6162109+08:00" testType="13cdc9d9-ddb5-4fa4-a97d-d965ccfc6d4b" outcome="Passed" testListId="8c84fa94-04c1-424b-9868-57a2d4851a1d">
      <Output>
      </Output>
    </UnitTestResult>
    <UnitTestResult executionId="47ab6173-dd7c-48ca-a5ac-05d6f9f07dba" testId="5d5553a2-3cc1-7ca3-3487-f4690fb238d4" testName="ParseDelegateTest_OperatorTypeofSizeof" computerName="ZHUCAI-PC" duration="00:00:00.0173061" startTime="2010-01-09T01:19:14.6162109+08:00" endTime="2010-01-09T01:19:14.6474609+08:00" testType="13cdc9d9-ddb5-4fa4-a97d-d965ccfc6d4b" outcome="Passed" testListId="8c84fa94-04c1-424b-9868-57a2d4851a1d">
      <Output>
      </Output>
    </UnitTestResult>
    <UnitTestResult executionId="c8be830d-e55f-43dd-ae08-c51135d9890b" testId="5cf4a8cb-3002-5a98-0436-41631b1cc8b0" testName="ParseDelegateTest_OperatorNot" computerName="ZHUCAI-PC" duration="00:00:00.0184137" startTime="2010-01-09T01:19:14.6474609+08:00" endTime="2010-01-09T01:19:14.6787109+08:00" testType="13cdc9d9-ddb5-4fa4-a97d-d965ccfc6d4b" outcome="Passed" testListId="8c84fa94-04c1-424b-9868-57a2d4851a1d">
      <Output>
      </Output>
    </UnitTestResult>
    <UnitTestResult executionId="029fbfef-02b1-473c-9425-03ff14b4c62c" testId="044e6252-efff-d73f-222f-588af7ab9726" testName="ParseDelegateTest_OperatorBitNot" computerName="ZHUCAI-PC" duration="00:00:00.0008677" startTime="2010-01-09T01:19:14.6943359+08:00" endTime="2010-01-09T01:19:14.7099609+08:00" testType="13cdc9d9-ddb5-4fa4-a97d-d965ccfc6d4b" outcome="Passed" testListId="8c84fa94-04c1-424b-9868-57a2d4851a1d">
      <Output>
      </Output>
    </UnitTestResult>
    <UnitTestResult executionId="180bb06d-330e-42e0-b30f-c76dfb258ac8" testId="5c2a880b-06e3-2fbe-9321-9868fe84f583" testName="ParseDelegateTest_OperatorConvert" computerName="ZHUCAI-PC" duration="00:00:00.0008945" startTime="2010-01-09T01:19:14.7099609+08:00" endTime="2010-01-09T01:19:14.7255859+08:00" testType="13cdc9d9-ddb5-4fa4-a97d-d965ccfc6d4b" outcome="Passed" testListId="8c84fa94-04c1-424b-9868-57a2d4851a1d">
      <Output>
      </Output>
    </UnitTestResult>
    <UnitTestResult executionId="474514d7-a81a-4120-a319-7ecde424cb3e" testId="aea69126-3692-e43c-7a1e-75e2a7d9d34d" testName="ParseDelegateTest_OperatorBitShift" computerName="ZHUCAI-PC" duration="00:00:00.0018837" startTime="2010-01-09T01:19:14.7412109+08:00" endTime="2010-01-09T01:19:14.7568359+08:00" testType="13cdc9d9-ddb5-4fa4-a97d-d965ccfc6d4b" outcome="Passed" testListId="8c84fa94-04c1-424b-9868-57a2d4851a1d">
      <Output>
      </Output>
    </UnitTestResult>
    <UnitTestResult executionId="3c95ade0-05f5-43e1-b8fb-81dada0d5323" testId="e762edc2-dc2b-69f8-71d2-ea33c13ba839" testName="ParseDelegateTest_OperatorGreaterThan" computerName="ZHUCAI-PC" duration="00:00:00.0026447" startTime="2010-01-09T01:19:14.7568359+08:00" endTime="2010-01-09T01:19:14.7724609+08:00" testType="13cdc9d9-ddb5-4fa4-a97d-d965ccfc6d4b" outcome="Passed" testListId="8c84fa94-04c1-424b-9868-57a2d4851a1d">
      <Output>
      </Output>
    </UnitTestResult>
    <UnitTestResult executionId="4bd99737-514e-47c2-9fd6-36638e3d35ee" testId="cad1037b-f902-1930-4b48-53d05d6e87ca" testName="ParseDelegateTest_OperatorLessThan" computerName="ZHUCAI-PC" duration="00:00:00.0016826" startTime="2010-01-09T01:19:14.7880859+08:00" endTime="2010-01-09T01:19:14.7880859+08:00" testType="13cdc9d9-ddb5-4fa4-a97d-d965ccfc6d4b" outcome="Passed" testListId="8c84fa94-04c1-424b-9868-57a2d4851a1d">
      <Output>
      </Output>
    </UnitTestResult>
    <UnitTestResult executionId="b4c20744-f084-4b3c-af87-13c337c0d1d2" testId="57d0350f-0a28-e38d-fcf7-50849bb52c13" testName="ParseDelegateTest_OperatorLessThanOrEqual" computerName="ZHUCAI-PC" duration="00:00:00.0233568" startTime="2010-01-09T01:19:14.8037109+08:00" endTime="2010-01-09T01:19:14.8349609+08:00" testType="13cdc9d9-ddb5-4fa4-a97d-d965ccfc6d4b" outcome="Passed" testListId="8c84fa94-04c1-424b-9868-57a2d4851a1d">
      <Output>
      </Output>
    </UnitTestResult>
    <UnitTestResult executionId="8e6bd711-fb7c-456a-a9fc-b6db123256bb" testId="477d7851-a215-3b08-f6bd-9ef70408a55b" testName="ParseDelegateTest_OperatorGreaterThanOrEqual" computerName="ZHUCAI-PC" duration="00:00:00.0033319" startTime="2010-01-09T01:19:14.8505859+08:00" endTime="2010-01-09T01:19:14.8662109+08:00" testType="13cdc9d9-ddb5-4fa4-a97d-d965ccfc6d4b" outcome="Passed" testListId="8c84fa94-04c1-424b-9868-57a2d4851a1d">
      <Output>
      </Output>
    </UnitTestResult>
    <UnitTestResult executionId="21b7b30f-725a-4a08-8699-eb5b0d4ac032" testId="d1ee7b37-6a35-14f2-f301-09c982e7f5e1" testName="ParseDelegateTest_OperatorEqual" computerName="ZHUCAI-PC" duration="00:00:00.0021298" startTime="2010-01-09T01:19:14.8662109+08:00" endTime="2010-01-09T01:19:14.8818359+08:00" testType="13cdc9d9-ddb5-4fa4-a97d-d965ccfc6d4b" outcome="Passed" testListId="8c84fa94-04c1-424b-9868-57a2d4851a1d">
      <Output>
      </Output>
    </UnitTestResult>
    <UnitTestResult executionId="03a0f5d0-1ffa-496e-955e-2ddbe9d6fe4f" testId="b0467d72-b2a9-e7e8-00f1-a9d18d735f39" testName="ParseDelegateTest_OperatorNotEqual" computerName="ZHUCAI-PC" duration="00:00:00.0017164" startTime="2010-01-09T01:19:14.8974609+08:00" endTime="2010-01-09T01:19:14.9130859+08:00" testType="13cdc9d9-ddb5-4fa4-a97d-d965ccfc6d4b" outcome="Passed" testListId="8c84fa94-04c1-424b-9868-57a2d4851a1d">
      <Output>
      </Output>
    </UnitTestResult>
    <UnitTestResult executionId="f20814e9-5607-4d1b-a602-f7dd79a75467" testId="614ba8e4-bac9-1a5b-5428-4afb5dc1277b" testName="ParseDelegateTest_OperatorIs" computerName="ZHUCAI-PC" duration="00:00:00.0078468" startTime="2010-01-09T01:19:14.9130859+08:00" endTime="2010-01-09T01:19:14.9443359+08:00" testType="13cdc9d9-ddb5-4fa4-a97d-d965ccfc6d4b" outcome="Passed" testListId="8c84fa94-04c1-424b-9868-57a2d4851a1d">
      <Output>
      </Output>
    </UnitTestResult>
    <UnitTestResult executionId="9031d20f-fa4e-4a77-b403-c018d9d38e97" testId="83e406f7-7434-0ccc-3606-9d259c97a0d2" testName="ParseDelegateTest_OperatorAs" computerName="ZHUCAI-PC" duration="00:00:00.0033738" startTime="2010-01-09T01:19:14.9443359+08:00" endTime="2010-01-09T01:19:14.9599609+08:00" testType="13cdc9d9-ddb5-4fa4-a97d-d965ccfc6d4b" outcome="Passed" testListId="8c84fa94-04c1-424b-9868-57a2d4851a1d">
      <Output>
      </Output>
    </UnitTestResult>
    <UnitTestResult executionId="ae5f662c-190b-44e3-b9ea-a64a9c7c1bec" testId="b4bbdcb0-6a72-e740-ffa3-91840ccdac33" testName="ParseDelegateTest_OperatorExclusiveOr" computerName="ZHUCAI-PC" duration="00:00:00.0008914" startTime="2010-01-09T01:19:14.9755859+08:00" endTime="2010-01-09T01:19:14.9912109+08:00" testType="13cdc9d9-ddb5-4fa4-a97d-d965ccfc6d4b" outcome="Passed" testListId="8c84fa94-04c1-424b-9868-57a2d4851a1d">
      <Output>
      </Output>
    </UnitTestResult>
    <UnitTestResult executionId="70efc409-17b9-4f8a-ac3a-13e0cbad2687" testId="35601cf4-55e9-2a46-2798-7e5080b71c58" testName="ParseDelegateTest_OperatorAnd" computerName="ZHUCAI-PC" duration="00:00:00.0014205" startTime="2010-01-09T01:19:14.9912109+08:00" endTime="2010-01-09T01:19:15.0068359+08:00" testType="13cdc9d9-ddb5-4fa4-a97d-d965ccfc6d4b" outcome="Passed" testListId="8c84fa94-04c1-424b-9868-57a2d4851a1d">
      <Output>
      </Output>
    </UnitTestResult>
    <UnitTestResult executionId="940318a6-50c6-409e-a522-3bd90f25cc17" testId="e3328cb3-bd63-584c-733c-d137e34b0443" testName="ParseDelegateTest_OperatorOr" computerName="ZHUCAI-PC" duration="00:00:00.0008691" startTime="2010-01-09T01:19:15.0068359+08:00" endTime="2010-01-09T01:19:15.0224609+08:00" testType="13cdc9d9-ddb5-4fa4-a97d-d965ccfc6d4b" outcome="Passed" testListId="8c84fa94-04c1-424b-9868-57a2d4851a1d">
      <Output>
      </Output>
    </UnitTestResult>
    <UnitTestResult executionId="2061dc2a-7697-44c0-b080-515eb49fe0b1" testId="a4521ecc-80f1-7e9f-fc94-9ecea46d77a7" testName="ParseDelegateTest_OperatorAndAlso" computerName="ZHUCAI-PC" duration="00:00:00.0024218" startTime="2010-01-09T01:19:15.0380859+08:00" endTime="2010-01-09T01:19:15.0537109+08:00" testType="13cdc9d9-ddb5-4fa4-a97d-d965ccfc6d4b" outcome="Passed" testListId="8c84fa94-04c1-424b-9868-57a2d4851a1d">
      <Output>
      </Output>
    </UnitTestResult>
    <UnitTestResult executionId="e2f7ee5a-03c2-4931-b77b-5823243d9462" testId="8650c452-efbb-fde1-adb2-75d33c84f6e0" testName="ParseDelegateTest_OperatorOrElse" computerName="ZHUCAI-PC" duration="00:00:00.0017890" startTime="2010-01-09T01:19:15.0537109+08:00" endTime="2010-01-09T01:19:15.0693359+08:00" testType="13cdc9d9-ddb5-4fa4-a97d-d965ccfc6d4b" outcome="Passed" testListId="8c84fa94-04c1-424b-9868-57a2d4851a1d">
      <Output>
      </Output>
    </UnitTestResult>
    <UnitTestResult executionId="59a02d34-0c22-49e6-8e61-1a01ece233d8" testId="96d5f01a-6513-53d7-bf45-b619016524a9" testName="ParseDelegateTest_OperatorCondition" computerName="ZHUCAI-PC" duration="00:00:00.0025246" startTime="2010-01-09T01:19:15.0849609+08:00" endTime="2010-01-09T01:19:15.1005859+08:00" testType="13cdc9d9-ddb5-4fa4-a97d-d965ccfc6d4b" outcome="Passed" testListId="8c84fa94-04c1-424b-9868-57a2d4851a1d">
      <Output>
      </Output>
    </UnitTestResult>
    <UnitTestResult executionId="39241b48-75e1-48a7-9f1a-b699b2aa0111" testId="9c025804-cfe7-d29f-724f-882b3c9703ad" testName="ParseDelegateTest_OperatorDoubleQuestionMark" computerName="ZHUCAI-PC" duration="00:00:00.0024768" startTime="2010-01-09T01:19:15.1162109+08:00" endTime="2010-01-09T01:19:15.1162109+08:00" testType="13cdc9d9-ddb5-4fa4-a97d-d965ccfc6d4b" outcome="Passed" testListId="8c84fa94-04c1-424b-9868-57a2d4851a1d">
      <Output>
      </Output>
    </UnitTestResult>
    <UnitTestResult executionId="d28b3aad-c319-46ef-8fad-1fcaadd78d99" testId="e40092ec-1666-5813-1465-57ded5ae5d9f" testName="ParseDelegateTest_Other" computerName="ZHUCAI-PC" duration="00:00:00.0099836" startTime="2010-01-09T01:19:15.1318359+08:00" endTime="2010-01-09T01:19:15.1630859+08:00" testType="13cdc9d9-ddb5-4fa4-a97d-d965ccfc6d4b" outcome="Passed" testListId="8c84fa94-04c1-424b-9868-57a2d4851a1d">
      <Output>
      </Output>
    </UnitTestResult>
  </Results>
</TestRun>